Archive member included to satisfy reference by file (symbol)

../../../../../libopencm3//lib/libopencm3_stm32f4.a(fmc_common_f47.o)
                              sdram.o (sdram_timing)
../../../../../libopencm3//lib/libopencm3_stm32f4.a(gpio_common_all.o)
                              lcd-spi.o (gpio_set)
../../../../../libopencm3//lib/libopencm3_stm32f4.a(gpio_common_f0234.o)
                              sdram.o (gpio_mode_setup)
../../../../../libopencm3//lib/libopencm3_stm32f4.a(rcc_common_all.o)
                              sdram.o (rcc_periph_clock_enable)
../../../../../libopencm3//lib/libopencm3_stm32f4.a(rcc.o)
                              clock.o (rcc_clock_setup_pll)
../../../../../libopencm3//lib/libopencm3_stm32f4.a(spi_common_all.o)
                              lcd-spi.o (spi_enable)
../../../../../libopencm3//lib/libopencm3_stm32f4.a(spi_common_v1.o)
                              lcd-spi.o (spi_init_master)
../../../../../libopencm3//lib/libopencm3_stm32f4.a(usart_common_all.o)
                              console.o (usart_set_baudrate)
../../../../../libopencm3//lib/libopencm3_stm32f4.a(usart_common_f124.o)
                              ../../../../../libopencm3//lib/libopencm3_stm32f4.a(usart_common_all.o) (usart_send)
../../../../../libopencm3//lib/libopencm3_stm32f4.a(vector.o)
                              (reset_handler)
../../../../../libopencm3//lib/libopencm3_stm32f4.a(systick.o)
                              clock.o (systick_set_reload)
../../../../../libopencm3//lib/libopencm3_stm32f4.a(scb.o)
                              console.o (scb_reset_system)
../../../../../libopencm3//lib/libopencm3_stm32f4.a(nvic.o)
                              console.o (nvic_enable_irq)
../../../../../libopencm3//lib/libopencm3_stm32f4.a(flash_common_all.o)
                              ../../../../../libopencm3//lib/libopencm3_stm32f4.a(rcc.o) (flash_set_ws)
../../../../../libopencm3//lib/libopencm3_stm32f4.a(flash_common_idcache.o)
                              ../../../../../libopencm3//lib/libopencm3_stm32f4.a(rcc.o) (flash_dcache_enable)
../../../../../libopencm3//lib/libopencm3_stm32f4.a(pwr.o)
                              ../../../../../libopencm3//lib/libopencm3_stm32f4.a(rcc.o) (pwr_set_vos_scale)
/usr/lib/gcc/arm-none-eabi/12.2.1/../../../arm-none-eabi/lib/thumb/v7e-m+fp/hard/libc.a(lib_a-sprintf.o)
                              lcd-serial.o (sprintf)
/usr/lib/gcc/arm-none-eabi/12.2.1/../../../arm-none-eabi/lib/thumb/v7e-m+fp/hard/libc.a(lib_a-svfprintf.o)
                              /usr/lib/gcc/arm-none-eabi/12.2.1/../../../arm-none-eabi/lib/thumb/v7e-m+fp/hard/libc.a(lib_a-sprintf.o) (_svfprintf_r)
/usr/lib/gcc/arm-none-eabi/12.2.1/../../../arm-none-eabi/lib/thumb/v7e-m+fp/hard/libc.a(lib_a-dtoa.o)
                              /usr/lib/gcc/arm-none-eabi/12.2.1/../../../arm-none-eabi/lib/thumb/v7e-m+fp/hard/libc.a(lib_a-svfprintf.o) (_dtoa_r)
/usr/lib/gcc/arm-none-eabi/12.2.1/../../../arm-none-eabi/lib/thumb/v7e-m+fp/hard/libc.a(lib_a-impure.o)
                              /usr/lib/gcc/arm-none-eabi/12.2.1/../../../arm-none-eabi/lib/thumb/v7e-m+fp/hard/libc.a(lib_a-sprintf.o) (_impure_ptr)
/usr/lib/gcc/arm-none-eabi/12.2.1/../../../arm-none-eabi/lib/thumb/v7e-m+fp/hard/libc.a(lib_a-localeconv.o)
                              /usr/lib/gcc/arm-none-eabi/12.2.1/../../../arm-none-eabi/lib/thumb/v7e-m+fp/hard/libc.a(lib_a-svfprintf.o) (_localeconv_r)
/usr/lib/gcc/arm-none-eabi/12.2.1/../../../arm-none-eabi/lib/thumb/v7e-m+fp/hard/libc.a(lib_a-mallocr.o)
                              /usr/lib/gcc/arm-none-eabi/12.2.1/../../../arm-none-eabi/lib/thumb/v7e-m+fp/hard/libc.a(lib_a-svfprintf.o) (_malloc_r)
/usr/lib/gcc/arm-none-eabi/12.2.1/../../../arm-none-eabi/lib/thumb/v7e-m+fp/hard/libc.a(lib_a-memchr.o)
                              /usr/lib/gcc/arm-none-eabi/12.2.1/../../../arm-none-eabi/lib/thumb/v7e-m+fp/hard/libc.a(lib_a-svfprintf.o) (memchr)
/usr/lib/gcc/arm-none-eabi/12.2.1/../../../arm-none-eabi/lib/thumb/v7e-m+fp/hard/libc.a(lib_a-memcpy.o)
                              /usr/lib/gcc/arm-none-eabi/12.2.1/../../../arm-none-eabi/lib/thumb/v7e-m+fp/hard/libc.a(lib_a-dtoa.o) (memcpy)
/usr/lib/gcc/arm-none-eabi/12.2.1/../../../arm-none-eabi/lib/thumb/v7e-m+fp/hard/libc.a(lib_a-mlock.o)
                              /usr/lib/gcc/arm-none-eabi/12.2.1/../../../arm-none-eabi/lib/thumb/v7e-m+fp/hard/libc.a(lib_a-mallocr.o) (__malloc_lock)
/usr/lib/gcc/arm-none-eabi/12.2.1/../../../arm-none-eabi/lib/thumb/v7e-m+fp/hard/libc.a(lib_a-mprec.o)
                              /usr/lib/gcc/arm-none-eabi/12.2.1/../../../arm-none-eabi/lib/thumb/v7e-m+fp/hard/libc.a(lib_a-dtoa.o) (_Balloc)
/usr/lib/gcc/arm-none-eabi/12.2.1/../../../arm-none-eabi/lib/thumb/v7e-m+fp/hard/libc.a(lib_a-sbrkr.o)
                              /usr/lib/gcc/arm-none-eabi/12.2.1/../../../arm-none-eabi/lib/thumb/v7e-m+fp/hard/libc.a(lib_a-mallocr.o) (_sbrk_r)
[...]
Memory Configuration

Name             Origin             Length             Attributes
rom              0x08000000         0x00200000         xr
ccm              0x10000000         0x00010000         xrw
ram              0x20000000         0x00030000         xrw
*default*        0x00000000         0xffffffff

Linker script and memory map

LOAD sdram.o
LOAD clock.o
LOAD console.o
LOAD lcd-spi.o
LOAD gfx.o
LOAD lcd-serial.o
LOAD /usr/lib/gcc/arm-none-eabi/12.2.1/../../../arm-none-eabi/lib/thumb/v7e-m+fp/hard/libm.a
LOAD ../../../../../libopencm3//lib/libopencm3_stm32f4.a
START GROUP
LOAD /usr/lib/gcc/arm-none-eabi/12.2.1/../../../arm-none-eabi/lib/thumb/v7e-m+fp/hard/libc.a
LOAD /usr/lib/gcc/arm-none-eabi/12.2.1/thumb/v7e-m+fp/hard/libgcc.a
LOAD /usr/lib/gcc/arm-none-eabi/12.2.1/../../../arm-none-eabi/lib/thumb/v7e-m+fp/hard/libnosys.a
END GROUP
START GROUP
LOAD /usr/lib/gcc/arm-none-eabi/12.2.1/thumb/v7e-m+fp/hard/libgcc.a
LOAD /usr/lib/gcc/arm-none-eabi/12.2.1/../../../arm-none-eabi/lib/thumb/v7e-m+fp/hard/libg.a
LOAD /usr/lib/gcc/arm-none-eabi/12.2.1/../../../arm-none-eabi/lib/thumb/v7e-m+fp/hard/libc.a
END GROUP

.text           0x08000000     0x9a7c
 *(.vectors)
 .vectors       0x08000000      0x1ac ../../../../../libopencm3//lib/libopencm3_stm32f4.a(vector.o)
                0x08000000                vector_table
 *(.text*)
 .text.sdram_init
                0x080001ac       0xec sdram.o
                0x080001ac                sdram_init
 .text.sys_tick_handler
                0x08000298       0x10 clock.o
                0x08000298                sys_tick_handler
 .text.msleep   0x080002a8       0x14 clock.o
                0x080002a8                msleep
 .text.clock_setup
                0x080002bc       0x28 clock.o
                0x080002bc                clock_setup
 .text.usart1_isr
                0x080002e4       0x50 console.o
                0x080002e4                usart1_isr
 .text.console_putc
                0x08000334       0x10 console.o
                0x08000334                console_putc
 .text.console_puts
                0x08000344       0x1e console.o
                0x08000344                console_puts
 *fill*         0x08000362        0x2 
 .text.console_setup
                0x08000364       0x80 console.o
                0x08000364                console_setup
 .text.lcd_command
                0x080003e4       0x64 lcd-spi.o
 .text.print_hex.isra.0
                0x08000448       0x48 lcd-spi.o
 .text.lcd_draw_pixel
                0x08000490       0x14 lcd-spi.o
                0x08000490                lcd_draw_pixel
 .text.lcd_show_frame
                0x080004a4       0x50 lcd-spi.o
                0x080004a4                lcd_show_frame
 .text.lcd_spi_init
                0x080004f4      0x1b4 lcd-spi.o
                0x080004f4                lcd_spi_init
 .text.gfx_drawPixel
                0x080006a8       0x28 gfx.o
                0x080006a8                gfx_drawPixel
 .text.gfx_init
                0x080006d0       0x20 gfx.o
                0x080006d0                gfx_init
 .text.gfx_drawCircleHelper
                0x080006f0       0xd6 gfx.o
                0x080006f0                gfx_drawCircleHelper
 .text.gfx_drawLine
                0x080007c6       0xb2 gfx.o
                0x080007c6                gfx_drawLine
 .text.gfx_drawFastVLine
                0x08000878       0x16 gfx.o
                0x08000878                gfx_drawFastVLine
 .text.gfx_fillCircleHelper
                0x0800088e       0xfa gfx.o
                0x0800088e                gfx_fillCircleHelper
 .text.gfx_fillCircle
                0x08000988       0x30 gfx.o
                0x08000988                gfx_fillCircle
 .text.gfx_drawFastHLine
                0x080009b8       0x16 gfx.o
                0x080009b8                gfx_drawFastHLine
 .text.gfx_fillRect
                0x080009ce       0x2a gfx.o
                0x080009ce                gfx_fillRect
 .text.gfx_fillScreen
                0x080009f8       0x20 gfx.o
                0x080009f8                gfx_fillScreen
 .text.gfx_drawRoundRect
                0x08000a18       0xdc gfx.o
                0x08000a18                gfx_drawRoundRect
 .text.gfx_fillRoundRect
                0x08000af4       0x76 gfx.o
                0x08000af4                gfx_fillRoundRect
 *fill*         0x08000b6a        0x2 
 .text.gfx_drawChar
                0x08000b6c       0xd4 gfx.o
                0x08000b6c                gfx_drawChar
 .text.gfx_write
                0x08000c40       0x70 gfx.o
                0x08000c40                gfx_write
 .text.gfx_puts
                0x08000cb0       0x12 gfx.o
                0x08000cb0                gfx_puts
 *fill*         0x08000cc2        0x2 
 .text.gfx_setCursor
                0x08000cc4        0xc gfx.o
                0x08000cc4                gfx_setCursor
 .text.gfx_setTextSize
                0x08000cd0       0x10 gfx.o
                0x08000cd0                gfx_setTextSize
 .text.gfx_setTextColor
                0x08000ce0        0xc gfx.o
                0x08000ce0                gfx_setTextColor
 .text.my_usart_print_int.constprop.0
                0x08000cec       0x78 lcd-serial.o
 .text.startup.main
                0x08000d64      0x360 lcd-serial.o
                0x08000d64                main
 .text.sdram_timing
                0x080010c4       0x4e ../../../../../libopencm3//lib/libopencm3_stm32f4.a(fmc_common_f47.o)
                0x080010c4                sdram_timing
 *fill*         0x08001112        0x2 
 .text.sdram_command
                0x08001114       0x60 ../../../../../libopencm3//lib/libopencm3_stm32f4.a(fmc_common_f47.o)
                0x08001114                sdram_command
 .text.gpio_set
                0x08001174        0x4 ../../../../../libopencm3//lib/libopencm3_stm32f4.a(gpio_common_all.o)
                0x08001174                gpio_set
 .text.gpio_clear
                0x08001178        0x6 ../../../../../libopencm3//lib/libopencm3_stm32f4.a(gpio_common_all.o)
                0x08001178                gpio_clear
 .text.gpio_mode_setup
                0x0800117e       0x40 ../../../../../libopencm3//lib/libopencm3_stm32f4.a(gpio_common_f0234.o)
                0x0800117e                gpio_mode_setup
 .text.gpio_set_output_options
                0x080011be       0x36 ../../../../../libopencm3//lib/libopencm3_stm32f4.a(gpio_common_f0234.o)
                0x080011be                gpio_set_output_options
 .text.gpio_set_af
                0x080011f4       0x58 ../../../../../libopencm3//lib/libopencm3_stm32f4.a(gpio_common_f0234.o)
                0x080011f4                gpio_set_af
 .text.rcc_periph_clock_enable
                0x0800124c       0x1a ../../../../../libopencm3//lib/libopencm3_stm32f4.a(rcc_common_all.o)
                0x0800124c                rcc_periph_clock_enable
 *fill*         0x08001266        0x2 
 .text.rcc_is_osc_ready
                0x08001268       0x64 ../../../../../libopencm3//lib/libopencm3_stm32f4.a(rcc.o)
                0x08001268                rcc_is_osc_ready
 .text.rcc_wait_for_osc_ready
                0x080012cc       0x10 ../../../../../libopencm3//lib/libopencm3_stm32f4.a(rcc.o)
                0x080012cc                rcc_wait_for_osc_ready
 .text.rcc_osc_on
                0x080012dc       0x74 ../../../../../libopencm3//lib/libopencm3_stm32f4.a(rcc.o)
                0x080012dc                rcc_osc_on
 .text.rcc_osc_off
                0x08001350       0x74 ../../../../../libopencm3//lib/libopencm3_stm32f4.a(rcc.o)
                0x08001350                rcc_osc_off
 .text.rcc_set_sysclk_source
                0x080013c4       0x18 ../../../../../libopencm3//lib/libopencm3_stm32f4.a(rcc.o)
                0x080013c4                rcc_set_sysclk_source
 .text.rcc_set_ppre2
                0x080013dc       0x18 ../../../../../libopencm3//lib/libopencm3_stm32f4.a(rcc.o)
                0x080013dc                rcc_set_ppre2
 .text.rcc_set_ppre1
                0x080013f4       0x18 ../../../../../libopencm3//lib/libopencm3_stm32f4.a(rcc.o)
                0x080013f4                rcc_set_ppre1
 .text.rcc_set_hpre
                0x0800140c       0x18 ../../../../../libopencm3//lib/libopencm3_stm32f4.a(rcc.o)
                0x0800140c                rcc_set_hpre
 .text.rcc_set_main_pll_hsi
                0x08001424       0x44 ../../../../../libopencm3//lib/libopencm3_stm32f4.a(rcc.o)
                0x08001424                rcc_set_main_pll_hsi
 .text.rcc_set_main_pll_hse
                0x08001468       0x44 ../../../../../libopencm3//lib/libopencm3_stm32f4.a(rcc.o)
                0x08001468                rcc_set_main_pll_hse
 .text.rcc_clock_setup_pll
                0x080014ac       0xe4 ../../../../../libopencm3//lib/libopencm3_stm32f4.a(rcc.o)
                0x080014ac                rcc_clock_setup_pll
 .text.rcc_get_usart_clk_freq
                0x08001590       0x20 ../../../../../libopencm3//lib/libopencm3_stm32f4.a(rcc.o)
                0x08001590                rcc_get_usart_clk_freq
 .text.spi_enable
                0x080015b0        0xa ../../../../../libopencm3//lib/libopencm3_stm32f4.a(spi_common_all.o)
                0x080015b0                spi_enable
 .text.spi_send
                0x080015ba        0xa ../../../../../libopencm3//lib/libopencm3_stm32f4.a(spi_common_all.o)
                0x080015ba                spi_send
 .text.spi_read
                0x080015c4        0xc ../../../../../libopencm3//lib/libopencm3_stm32f4.a(spi_common_all.o)
                0x080015c4                spi_read
 .text.spi_xfer
                0x080015d0        0xe ../../../../../libopencm3//lib/libopencm3_stm32f4.a(spi_common_all.o)
                0x080015d0                spi_xfer
 .text.spi_set_unidirectional_mode
                0x080015de        0xa ../../../../../libopencm3//lib/libopencm3_stm32f4.a(spi_common_all.o)
                0x080015de                spi_set_unidirectional_mode
 .text.spi_set_full_duplex_mode
                0x080015e8        0xa ../../../../../libopencm3//lib/libopencm3_stm32f4.a(spi_common_all.o)
                0x080015e8                spi_set_full_duplex_mode
 .text.spi_enable_software_slave_management
                0x080015f2       0x12 ../../../../../libopencm3//lib/libopencm3_stm32f4.a(spi_common_all.o)
                0x080015f2                spi_enable_software_slave_management
 .text.spi_set_nss_high
                0x08001604        0xa ../../../../../libopencm3//lib/libopencm3_stm32f4.a(spi_common_all.o)
                0x08001604                spi_set_nss_high
 .text.spi_send_msb_first
                0x0800160e        0xa ../../../../../libopencm3//lib/libopencm3_stm32f4.a(spi_common_all.o)
                0x0800160e                spi_send_msb_first
 .text.spi_set_baudrate_prescaler
                0x08001618       0x16 ../../../../../libopencm3//lib/libopencm3_stm32f4.a(spi_common_all.o)
                0x08001618                spi_set_baudrate_prescaler
 .text.spi_set_master_mode
                0x0800162e        0xa ../../../../../libopencm3//lib/libopencm3_stm32f4.a(spi_common_all.o)
                0x0800162e                spi_set_master_mode
 .text.spi_set_clock_polarity_0
                0x08001638        0xa ../../../../../libopencm3//lib/libopencm3_stm32f4.a(spi_common_all.o)
                0x08001638                spi_set_clock_polarity_0
 .text.spi_set_clock_phase_0
                0x08001642        0xa ../../../../../libopencm3//lib/libopencm3_stm32f4.a(spi_common_all.o)
                0x08001642                spi_set_clock_phase_0
 .text.spi_enable_ss_output
                0x0800164c        0xa ../../../../../libopencm3//lib/libopencm3_stm32f4.a(spi_common_all.o)
                0x0800164c                spi_enable_ss_output
 .text.spi_init_master
                0x08001656       0x28 ../../../../../libopencm3//lib/libopencm3_stm32f4.a(spi_common_v1.o)
                0x08001656                spi_init_master
 .text.usart_set_baudrate
                0x0800167e       0x16 ../../../../../libopencm3//lib/libopencm3_stm32f4.a(usart_common_all.o)
                0x0800167e                usart_set_baudrate
 .text.usart_set_databits
                0x08001694       0x12 ../../../../../libopencm3//lib/libopencm3_stm32f4.a(usart_common_all.o)
                0x08001694                usart_set_databits
 .text.usart_set_stopbits
                0x080016a6        0xc ../../../../../libopencm3//lib/libopencm3_stm32f4.a(usart_common_all.o)
                0x080016a6                usart_set_stopbits
 .text.usart_set_parity
                0x080016b2        0xc ../../../../../libopencm3//lib/libopencm3_stm32f4.a(usart_common_all.o)
                0x080016b2                usart_set_parity
 .text.usart_set_mode
                0x080016be        0xc ../../../../../libopencm3//lib/libopencm3_stm32f4.a(usart_common_all.o)
                0x080016be                usart_set_mode
 .text.usart_set_flow_control
                0x080016ca        0xc ../../../../../libopencm3//lib/libopencm3_stm32f4.a(usart_common_all.o)
                0x080016ca                usart_set_flow_control
 .text.usart_enable
                0x080016d6        0xa ../../../../../libopencm3//lib/libopencm3_stm32f4.a(usart_common_all.o)
                0x080016d6                usart_enable
 .text.usart_send_blocking
                0x080016e0       0x16 ../../../../../libopencm3//lib/libopencm3_stm32f4.a(usart_common_all.o)
                0x080016e0                usart_send_blocking
 .text.usart_enable_rx_interrupt
                0x080016f6        0xa ../../../../../libopencm3//lib/libopencm3_stm32f4.a(usart_common_all.o)
                0x080016f6                usart_enable_rx_interrupt
 .text.usart_send
                0x08001700        0x8 ../../../../../libopencm3//lib/libopencm3_stm32f4.a(usart_common_f124.o)
                0x08001700                usart_send
 .text.usart_wait_send_ready
                0x08001708        0x8 ../../../../../libopencm3//lib/libopencm3_stm32f4.a(usart_common_f124.o)
                0x08001708                usart_wait_send_ready
 .text.blocking_handler
                0x08001710        0x2 ../../../../../libopencm3//lib/libopencm3_stm32f4.a(vector.o)
                0x08001710                dma2_stream1_isr
                0x08001710                tim8_brk_tim12_isr
                0x08001710                dma1_stream7_isr
                0x08001710                usart3_isr
                0x08001710                tim7_isr
                0x08001710                dma2d_isr
                0x08001710                uart8_isr
                0x08001710                dma1_stream2_isr
                0x08001710                otg_hs_isr
                0x08001710                blocking_handler
                0x08001710                tim5_isr
                0x08001710                rtc_wkup_isr
                0x08001710                otg_fs_isr
                0x08001710                spi1_isr
                0x08001710                i2c3_er_isr
                0x08001710                exti2_isr
                0x08001710                spi5_isr
                0x08001710                usb_fs_wkup_isr
                0x08001710                tamp_stamp_isr
                0x08001710                can1_rx1_isr
                0x08001710                dma2_stream0_isr
                0x08001710                i2c3_ev_isr
                0x08001710                usage_fault_handler
                0x08001710                can2_rx0_isr
                0x08001710                dma1_stream6_isr
                0x08001710                can2_rx1_isr
                0x08001710                can1_sce_isr
                0x08001710                tim1_cc_isr
                0x08001710                can1_tx_isr
                0x08001710                tim1_up_tim10_isr
                0x08001710                sdio_isr
                0x08001710                eth_isr
                0x08001710                spi6_isr
                0x08001710                dma2_stream5_isr
                0x08001710                pvd_isr
                0x08001710                can1_rx0_isr
                0x08001710                rcc_isr
                0x08001710                dma2_stream3_isr
                0x08001710                flash_isr
                0x08001710                uart4_isr
                0x08001710                lcd_tft_isr
                0x08001710                rtc_alarm_isr
                0x08001710                exti15_10_isr
                0x08001710                hash_rng_isr
                0x08001710                tim1_trg_com_tim11_isr
                0x08001710                hard_fault_handler
                0x08001710                exti1_isr
                0x08001710                i2c1_ev_isr
                0x08001710                usart6_isr
                0x08001710                spi2_isr
                0x08001710                cryp_isr
                0x08001710                nvic_wwdg_isr
                0x08001710                dma1_stream1_isr
                0x08001710                dma2_stream4_isr
                0x08001710                exti3_isr
                0x08001710                tim3_isr
                0x08001710                usart2_isr
                0x08001710                sai1_isr
                0x08001710                fpu_isr
                0x08001710                dma1_stream4_isr
                0x08001710                i2c2_er_isr
                0x08001710                i2c2_ev_isr
                0x08001710                uart5_isr
                0x08001710                dma2_stream6_isr
                0x08001710                spi4_isr
                0x08001710                adc_isr
                0x08001710                dma2_stream7_isr
                0x08001710                tim8_up_tim13_isr
                0x08001710                fsmc_isr
                0x08001710                exti4_isr
                0x08001710                tim6_dac_isr
                0x08001710                dma1_stream3_isr
                0x08001710                tim8_trg_com_tim14_isr
                0x08001710                mem_manage_handler
                0x08001710                lcd_tft_err_isr
                0x08001710                can2_tx_isr
                0x08001710                exti9_5_isr
                0x08001710                tim1_brk_tim9_isr
                0x08001710                uart7_isr
                0x08001710                can2_sce_isr
                0x08001710                tim4_isr
                0x08001710                otg_hs_wkup_isr
                0x08001710                i2c1_er_isr
                0x08001710                dma1_stream0_isr
                0x08001710                tim8_cc_isr
                0x08001710                dcmi_isr
                0x08001710                dma2_stream2_isr
                0x08001710                eth_wkup_isr
                0x08001710                bus_fault_handler
                0x08001710                otg_hs_ep1_out_isr
                0x08001710                spi3_isr
                0x08001710                dma1_stream5_isr
                0x08001710                otg_hs_ep1_in_isr
                0x08001710                tim2_isr
                0x08001710                exti0_isr
 .text.null_handler
                0x08001712        0x2 ../../../../../libopencm3//lib/libopencm3_stm32f4.a(vector.o)
                0x08001712                null_handler
                0x08001712                sv_call_handler
                0x08001712                pend_sv_handler
                0x08001712                debug_monitor_handler
                0x08001712                nmi_handler
 .text.reset_handler
                0x08001714       0xa0 ../../../../../libopencm3//lib/libopencm3_stm32f4.a(vector.o)
                0x08001714                reset_handler
 .text.systick_set_reload
                0x080017b4        0xc ../../../../../libopencm3//lib/libopencm3_stm32f4.a(systick.o)
                0x080017b4                systick_set_reload
 .text.systick_set_clocksource
                0x080017c0       0x14 ../../../../../libopencm3//lib/libopencm3_stm32f4.a(systick.o)
                0x080017c0                systick_set_clocksource
 .text.systick_interrupt_enable
                0x080017d4        0xe ../../../../../libopencm3//lib/libopencm3_stm32f4.a(systick.o)
                0x080017d4                systick_interrupt_enable
 .text.systick_counter_enable
                0x080017e2        0xe ../../../../../libopencm3//lib/libopencm3_stm32f4.a(systick.o)
                0x080017e2                systick_counter_enable
 .text.scb_reset_system
                0x080017f0       0x10 ../../../../../libopencm3//lib/libopencm3_stm32f4.a(scb.o)
                0x080017f0                scb_reset_system
 .text.nvic_enable_irq
                0x08001800       0x18 ../../../../../libopencm3//lib/libopencm3_stm32f4.a(nvic.o)
                0x08001800                nvic_enable_irq
 .text.flash_set_ws
                0x08001818       0x18 ../../../../../libopencm3//lib/libopencm3_stm32f4.a(flash_common_all.o)
                0x08001818                flash_set_ws
 .text.flash_dcache_enable
                0x08001830       0x14 ../../../../../libopencm3//lib/libopencm3_stm32f4.a(flash_common_idcache.o)
                0x08001830                flash_dcache_enable
 .text.flash_dcache_disable
                0x08001844       0x14 ../../../../../libopencm3//lib/libopencm3_stm32f4.a(flash_common_idcache.o)
                0x08001844                flash_dcache_disable
 .text.flash_icache_enable
                0x08001858       0x14 ../../../../../libopencm3//lib/libopencm3_stm32f4.a(flash_common_idcache.o)
                0x08001858                flash_icache_enable
 .text.flash_icache_disable
                0x0800186c       0x14 ../../../../../libopencm3//lib/libopencm3_stm32f4.a(flash_common_idcache.o)
                0x0800186c                flash_icache_disable
 .text.pwr_set_vos_scale
                0x08001880       0x18 ../../../../../libopencm3//lib/libopencm3_stm32f4.a(pwr.o)
                0x08001880                pwr_set_vos_scale
 .text          0x08001898       0x78 /usr/lib/gcc/arm-none-eabi/12.2.1/../../../arm-none-eabi/lib/thumb/v7e-m+fp/hard/libc.a(lib_a-sprintf.o)
                0x08001898                _sprintf_r
                0x080018d0                sprintf
 .text          0x08001910     0x13b4 /usr/lib/gcc/arm-none-eabi/12.2.1/../../../arm-none-eabi/lib/thumb/v7e-m+fp/hard/libc.a(lib_a-svfprintf.o)
                0x08001910                _svfprintf_r
 *fill*         0x08002cc4        0x4 
 .text          0x08002cc8      0xff4 /usr/lib/gcc/arm-none-eabi/12.2.1/../../../arm-none-eabi/lib/thumb/v7e-m+fp/hard/libc.a(lib_a-dtoa.o)
                0x08002df4                _dtoa_r
 .text          0x08003cbc       0x14 /usr/lib/gcc/arm-none-eabi/12.2.1/../../../arm-none-eabi/lib/thumb/v7e-m+fp/hard/libc.a(lib_a-localeconv.o)
                0x08003cbc                __localeconv_l
                0x08003cc0                _localeconv_r
                0x08003cc8                localeconv
 .text          0x08003cd0      0x538 /usr/lib/gcc/arm-none-eabi/12.2.1/../../../arm-none-eabi/lib/thumb/v7e-m+fp/hard/libc.a(lib_a-mallocr.o)
                0x08003cd0                _malloc_r
 *fill*         0x08004208        0x8 
 .text          0x08004210       0xa0 /usr/lib/gcc/arm-none-eabi/12.2.1/../../../arm-none-eabi/lib/thumb/v7e-m+fp/hard/libc.a(lib_a-memchr.o)
                0x08004210                memchr
 .text          0x080042b0      0x134 /usr/lib/gcc/arm-none-eabi/12.2.1/../../../arm-none-eabi/lib/thumb/v7e-m+fp/hard/libc.a(lib_a-memcpy.o)
                0x080042b0                memcpy
 .text          0x080043e4        0x8 /usr/lib/gcc/arm-none-eabi/12.2.1/../../../arm-none-eabi/lib/thumb/v7e-m+fp/hard/libc.a(lib_a-mlock.o)
                0x080043e4                __malloc_lock
                0x080043e8                __malloc_unlock
 .text          0x080043ec      0xac0 /usr/lib/gcc/arm-none-eabi/12.2.1/../../../arm-none-eabi/lib/thumb/v7e-m+fp/hard/libc.a(lib_a-mprec.o)
                0x080043ec                _Balloc
                0x08004438                _Bfree
                0x0800444c                __multadd
                0x080044ec                __s2b
                0x0800459c                __hi0bits
                0x080045e0                __lo0bits
                0x08004640                __i2b
                0x0800469c                __multiply
                0x08004808                __pow5mult
                0x080048bc                __lshift
                0x080049ac                __mcmp
                0x080049f0                __mdiff
                0x08004b54                __ulp
                0x08004bb8                __b2d
                0x08004c7c                __d2b
                0x08004d50                __ratio
                0x08004dac                _mprec_log10
                0x08004dec                __copybits
                0x08004e48                __any_on
 .text          0x08004eac       0x24 /usr/lib/gcc/arm-none-eabi/12.2.1/../../../arm-none-eabi/lib/thumb/v7e-m+fp/hard/libc.a(lib_a-sbrkr.o)
                0x08004eac                _sbrk_r
 *fill*         0x08004ed0       0x30 
 .text          0x08004f00       0xdc /usr/lib/gcc/arm-none-eabi/12.2.1/../../../arm-none-eabi/lib/thumb/v7e-m+fp/hard/libc.a(lib_a-strlen.o)
                0x08004f00                strlen
 .text          0x08004fdc      0xc10 /usr/lib/gcc/arm-none-eabi/12.2.1/../../../arm-none-eabi/lib/thumb/v7e-m+fp/hard/libc.a(lib_a-svfiprintf.o)
                0x08004fdc                __ssprint_r
                0x080050d8                _svfiprintf_r
 .text          0x08005bec       0x4c /usr/lib/gcc/arm-none-eabi/12.2.1/../../../arm-none-eabi/lib/thumb/v7e-m+fp/hard/libc.a(lib_a-assert.o)
                0x08005bec                __assert_func
                0x08005c2c                __assert
 .text          0x08005c38       0x60 /usr/lib/gcc/arm-none-eabi/12.2.1/../../../arm-none-eabi/lib/thumb/v7e-m+fp/hard/libc.a(lib_a-callocr.o)
                0x08005c38                _calloc_r
 .text          0x08005c98       0x44 /usr/lib/gcc/arm-none-eabi/12.2.1/../../../arm-none-eabi/lib/thumb/v7e-m+fp/hard/libc.a(lib_a-fiprintf.o)
                0x08005c98                _fiprintf_r
                0x08005cb4                fiprintf
 .text          0x08005cdc      0x2a0 /usr/lib/gcc/arm-none-eabi/12.2.1/../../../arm-none-eabi/lib/thumb/v7e-m+fp/hard/libc.a(lib_a-freer.o)
                0x08005cdc                _malloc_trim_r
                0x08005d78                _free_r
 .text          0x08005f7c       0x8c /usr/lib/gcc/arm-none-eabi/12.2.1/../../../arm-none-eabi/lib/thumb/v7e-m+fp/hard/libc.a(lib_a-locale.o)
                0x08005f7c                _setlocale_r
                0x08005fbc                __locale_mb_cur_max
                0x08005fc8                setlocale
 .text          0x08006008       0x40 /usr/lib/gcc/arm-none-eabi/12.2.1/../../../arm-none-eabi/lib/thumb/v7e-m+fp/hard/libc.a(lib_a-mbtowc_r.o)
                0x08006008                _mbtowc_r
                0x0800601c                __ascii_mbtowc
 .text          0x08006048      0x100 /usr/lib/gcc/arm-none-eabi/12.2.1/../../../arm-none-eabi/lib/thumb/v7e-m+fp/hard/libc.a(lib_a-memmove.o)
                0x08006048                memmove
 .text          0x08006148       0xa4 /usr/lib/gcc/arm-none-eabi/12.2.1/../../../arm-none-eabi/lib/thumb/v7e-m+fp/hard/libc.a(lib_a-memset.o)
                0x08006148                memset
 .text          0x080061ec      0x34c /usr/lib/gcc/arm-none-eabi/12.2.1/../../../arm-none-eabi/lib/thumb/v7e-m+fp/hard/libc.a(lib_a-reallocr.o)
                0x080061ec                _realloc_r
 *fill*         0x08006538        0x8 
 .text          0x08006540      0x2dc /usr/lib/gcc/arm-none-eabi/12.2.1/../../../arm-none-eabi/lib/thumb/v7e-m+fp/hard/libc.a(lib_a-strcmp.o)
                0x08006548                strcmp
 .text          0x0800681c      0xd64 /usr/lib/gcc/arm-none-eabi/12.2.1/../../../arm-none-eabi/lib/thumb/v7e-m+fp/hard/libc.a(lib_a-vfiprintf.o)
                0x08006894                __sprint_r
                0x080068ac                _vfiprintf_r
                0x080074f8                vfiprintf
 .text          0x08007580       0x30 /usr/lib/gcc/arm-none-eabi/12.2.1/../../../arm-none-eabi/lib/thumb/v7e-m+fp/hard/libc.a(lib_a-wctomb_r.o)
                0x08007580                _wctomb_r
                0x08007594                __ascii_wctomb
 .text          0x080075b0       0xc4 /usr/lib/gcc/arm-none-eabi/12.2.1/../../../arm-none-eabi/lib/thumb/v7e-m+fp/hard/libc.a(lib_a-wsetup.o)
                0x080075b0                __swsetup_r
 .text          0x08007674       0x10 /usr/lib/gcc/arm-none-eabi/12.2.1/../../../arm-none-eabi/lib/thumb/v7e-m+fp/hard/libc.a(lib_a-abort.o)
                0x08007674                abort
 .text          0x08007684      0x1b4 /usr/lib/gcc/arm-none-eabi/12.2.1/../../../arm-none-eabi/lib/thumb/v7e-m+fp/hard/libc.a(lib_a-fflush.o)
                0x08007684                __sflush_r
                0x080077bc                _fflush_r
                0x080077e8                fflush
 .text          0x08007838      0x210 /usr/lib/gcc/arm-none-eabi/12.2.1/../../../arm-none-eabi/lib/thumb/v7e-m+fp/hard/libc.a(lib_a-findfp.o)
                0x0800783c                _cleanup_r
                0x08007924                __sfmoreglue
                0x08007954                __sfp
                0x080079f4                _cleanup
                0x08007a08                __sinit
                0x08007a10                __sfp_lock_acquire
                0x08007a14                __sfp_lock_release
                0x08007a18                __sinit_lock_acquire
                0x08007a1c                __sinit_lock_release
                0x08007a20                __fp_lock_all
                0x08007a34                __fp_unlock_all
 .text          0x08007a48       0xe4 /usr/lib/gcc/arm-none-eabi/12.2.1/../../../arm-none-eabi/lib/thumb/v7e-m+fp/hard/libc.a(lib_a-fputwc.o)
                0x08007a48                __fputwc
                0x08007ac4                _fputwc_r
                0x08007aec                fputwc
 .text          0x08007b2c      0x2e4 /usr/lib/gcc/arm-none-eabi/12.2.1/../../../arm-none-eabi/lib/thumb/v7e-m+fp/hard/libc.a(lib_a-fvwrite.o)
                0x08007b2c                __sfvwrite_r
 .text          0x08007e10       0x88 /usr/lib/gcc/arm-none-eabi/12.2.1/../../../arm-none-eabi/lib/thumb/v7e-m+fp/hard/libc.a(lib_a-fwalk.o)
                0x08007e10                _fwalk
                0x08007e50                _fwalk_reent
 .text          0x08007e98      0x144 /usr/lib/gcc/arm-none-eabi/12.2.1/../../../arm-none-eabi/lib/thumb/v7e-m+fp/hard/libc.a(lib_a-makebuf.o)
                0x08007e98                __smakebuf_r
                0x08007f7c                __swhatbuf_r
 .text          0x08007fdc      0x280 /usr/lib/gcc/arm-none-eabi/12.2.1/../../../arm-none-eabi/lib/thumb/v7e-m+fp/hard/libc.a(lib_a-signal.o)
                0x08007fdc                _init_signal_r
                0x0800800c                _signal_r
                0x0800805c                _raise_r
                0x080080b0                __sigtramp_r
                0x08008114                raise
                0x0800816c                signal
                0x080081bc                _init_signal
                0x080081f4                __sigtramp
 .text          0x0800825c       0x30 /usr/lib/gcc/arm-none-eabi/12.2.1/../../../arm-none-eabi/lib/thumb/v7e-m+fp/hard/libc.a(lib_a-signalr.o)
                0x0800825c                _kill_r
                0x08008288                _getpid_r
 .text          0x0800828c       0x94 /usr/lib/gcc/arm-none-eabi/12.2.1/../../../arm-none-eabi/lib/thumb/v7e-m+fp/hard/libc.a(lib_a-stdio.o)
                0x0800828c                __sread
                0x080082b0                __seofread
                0x080082b4                __swrite
                0x080082f4                __sseek
                0x08008318                __sclose
 .text          0x08008320       0xc4 /usr/lib/gcc/arm-none-eabi/12.2.1/../../../arm-none-eabi/lib/thumb/v7e-m+fp/hard/libc.a(lib_a-wbuf.o)
                0x08008320                __swbuf_r
                0x080083cc                __swbuf
 .text          0x080083e4       0x8c /usr/lib/gcc/arm-none-eabi/12.2.1/../../../arm-none-eabi/lib/thumb/v7e-m+fp/hard/libc.a(lib_a-wcrtomb.o)
                0x080083e4                _wcrtomb_r
                0x08008420                wcrtomb
 .text          0x08008470       0x2c /usr/lib/gcc/arm-none-eabi/12.2.1/../../../arm-none-eabi/lib/thumb/v7e-m+fp/hard/libc.a(lib_a-writer.o)
                0x08008470                _write_r
 .text          0x0800849c       0x24 /usr/lib/gcc/arm-none-eabi/12.2.1/../../../arm-none-eabi/lib/thumb/v7e-m+fp/hard/libc.a(lib_a-closer.o)
                0x0800849c                _close_r
 .text          0x080084c0       0x98 /usr/lib/gcc/arm-none-eabi/12.2.1/../../../arm-none-eabi/lib/thumb/v7e-m+fp/hard/libc.a(lib_a-fclose.o)
                0x080084c0                _fclose_r
                0x08008548                fclose
 .text          0x08008558       0x2c /usr/lib/gcc/arm-none-eabi/12.2.1/../../../arm-none-eabi/lib/thumb/v7e-m+fp/hard/libc.a(lib_a-fstatr.o)
                0x08008558                _fstat_r
 .text          0x08008584       0x24 /usr/lib/gcc/arm-none-eabi/12.2.1/../../../arm-none-eabi/lib/thumb/v7e-m+fp/hard/libc.a(lib_a-isattyr.o)
                0x08008584                _isatty_r
 .text          0x080085a8       0x2c /usr/lib/gcc/arm-none-eabi/12.2.1/../../../arm-none-eabi/lib/thumb/v7e-m+fp/hard/libc.a(lib_a-lseekr.o)
                0x080085a8                _lseek_r
 .text          0x080085d4       0x2c /usr/lib/gcc/arm-none-eabi/12.2.1/../../../arm-none-eabi/lib/thumb/v7e-m+fp/hard/libc.a(lib_a-readr.o)
                0x080085d4                _read_r
 .text          0x08008600      0x378 /usr/lib/gcc/arm-none-eabi/12.2.1/thumb/v7e-m+fp/hard/libgcc.a(_arm_addsubdf3.o)
                0x08008600                __aeabi_drsub
                0x08008608                __aeabi_dsub
                0x08008608                __subdf3
                0x0800860c                __adddf3
                0x0800860c                __aeabi_dadd
                0x08008884                __aeabi_ui2d
                0x08008884                __floatunsidf
                0x080088a4                __floatsidf
                0x080088a4                __aeabi_i2d
                0x080088c8                __extendsfdf2
                0x080088c8                __aeabi_f2d
                0x0800890c                __aeabi_ul2d
                0x0800890c                __floatundidf
                0x0800891c                __floatdidf
                0x0800891c                __aeabi_l2d
 .text          0x08008978      0x424 /usr/lib/gcc/arm-none-eabi/12.2.1/thumb/v7e-m+fp/hard/libgcc.a(_arm_muldivdf3.o)
                0x08008978                __aeabi_dmul
                0x08008978                __muldf3
                0x08008bcc                __aeabi_ddiv
                0x08008bcc                __divdf3
 .text          0x08008d9c      0x110 /usr/lib/gcc/arm-none-eabi/12.2.1/thumb/v7e-m+fp/hard/libgcc.a(_arm_cmpdf2.o)
                0x08008d9c                __gtdf2
                0x08008d9c                __gedf2
                0x08008da4                __ltdf2
                0x08008da4                __ledf2
                0x08008dac                __cmpdf2
                0x08008dac                __eqdf2
                0x08008dac                __nedf2
                0x08008e28                __aeabi_cdrcmple
                0x08008e38                __aeabi_cdcmple
                0x08008e38                __aeabi_cdcmpeq
                0x08008e48                __aeabi_dcmpeq
                0x08008e5c                __aeabi_dcmplt
                0x08008e70                __aeabi_dcmple
                0x08008e84                __aeabi_dcmpge
                0x08008e98                __aeabi_dcmpgt
 .text          0x08008eac       0x2c /usr/lib/gcc/arm-none-eabi/12.2.1/thumb/v7e-m+fp/hard/libgcc.a(_arm_unorddf2.o)
                0x08008eac                __aeabi_dcmpun
                0x08008eac                __unorddf2
 .text          0x08008ed8       0x50 /usr/lib/gcc/arm-none-eabi/12.2.1/thumb/v7e-m+fp/hard/libgcc.a(_arm_fixdfsi.o)
                0x08008ed8                __fixdfsi
                0x08008ed8                __aeabi_d2iz
 .text          0x08008f28       0x10 /usr/lib/gcc/arm-none-eabi/12.2.1/../../../arm-none-eabi/lib/thumb/v7e-m+fp/hard/libnosys.a(close.o)
                0x08008f28                _close
 .text          0x08008f38       0x10 /usr/lib/gcc/arm-none-eabi/12.2.1/../../../arm-none-eabi/lib/thumb/v7e-m+fp/hard/libnosys.a(fstat.o)
                0x08008f38                _fstat
 .text          0x08008f48       0x10 /usr/lib/gcc/arm-none-eabi/12.2.1/../../../arm-none-eabi/lib/thumb/v7e-m+fp/hard/libnosys.a(getpid.o)
                0x08008f48                _getpid
 .text          0x08008f58       0x10 /usr/lib/gcc/arm-none-eabi/12.2.1/../../../arm-none-eabi/lib/thumb/v7e-m+fp/hard/libnosys.a(isatty.o)
                0x08008f58                _isatty
 .text          0x08008f68       0x10 /usr/lib/gcc/arm-none-eabi/12.2.1/../../../arm-none-eabi/lib/thumb/v7e-m+fp/hard/libnosys.a(kill.o)
                0x08008f68                _kill
 .text          0x08008f78       0x10 /usr/lib/gcc/arm-none-eabi/12.2.1/../../../arm-none-eabi/lib/thumb/v7e-m+fp/hard/libnosys.a(lseek.o)
                0x08008f78                _lseek
 .text          0x08008f88       0x10 /usr/lib/gcc/arm-none-eabi/12.2.1/../../../arm-none-eabi/lib/thumb/v7e-m+fp/hard/libnosys.a(read.o)
                0x08008f88                _read
 .text          0x08008f98       0x1c /usr/lib/gcc/arm-none-eabi/12.2.1/../../../arm-none-eabi/lib/thumb/v7e-m+fp/hard/libnosys.a(sbrk.o)
                0x08008f98                _sbrk
 .text          0x08008fb4       0x10 /usr/lib/gcc/arm-none-eabi/12.2.1/../../../arm-none-eabi/lib/thumb/v7e-m+fp/hard/libnosys.a(write.o)
                0x08008fb4                _write
 .text          0x08008fc4        0x4 /usr/lib/gcc/arm-none-eabi/12.2.1/../../../arm-none-eabi/lib/thumb/v7e-m+fp/hard/libnosys.a(_exit.o)
                0x08008fc4                _exit
                0x08008fc8                        . = ALIGN (0x4)
 *(.rodata*)
 .rodata.sdram_pins
                0x08008fc8       0x30 sdram.o
 .rodata.print_hex.isra.0.str1.1
                0x08008ff8        0x3 lcd-spi.o
 .rodata.lcd_spi_init.str1.1
                0x08008ffb       0x62 lcd-spi.o
 *fill*         0x0800905d        0x1 
 .rodata.initialization
                0x0800905e       0x50 lcd-spi.o
                0x0800905e                initialization
 .rodata.cmd_args
                0x080090ae       0x3a lcd-spi.o
 .rodata.mcm_font
                0x080090e8      0x480 gfx.o
 .rodata.my_usart_print_int.constprop.0.str1.1
                0x08009568        0xb lcd-serial.o
 .rodata.main.str1.1
                0x08009573       0xe5 lcd-serial.o
 .rodata.CSWTCH.2
                0x08009658        0x3 ../../../../../libopencm3//lib/libopencm3_stm32f4.a(fmc_common_f47.o)
 *fill*         0x0800965b        0x1 
 .rodata.rcc_hse_8mhz_3v3
                0x0800965c       0x70 ../../../../../libopencm3//lib/libopencm3_stm32f4.a(rcc.o)
                0x0800965c                rcc_hse_8mhz_3v3
 .rodata.str1.4
                0x080096cc       0x42 /usr/lib/gcc/arm-none-eabi/12.2.1/../../../arm-none-eabi/lib/thumb/v7e-m+fp/hard/libc.a(lib_a-svfprintf.o)
 *fill*         0x0800970e        0x2 
 .rodata        0x08009710       0x20 /usr/lib/gcc/arm-none-eabi/12.2.1/../../../arm-none-eabi/lib/thumb/v7e-m+fp/hard/libc.a(lib_a-svfprintf.o)
 .rodata.str1.4
                0x08009730       0x56 /usr/lib/gcc/arm-none-eabi/12.2.1/../../../arm-none-eabi/lib/thumb/v7e-m+fp/hard/libc.a(lib_a-dtoa.o)
                                 0x5a (size before relaxing)
 *fill*         0x08009786        0x2 
 .rodata        0x08009788        0x4 /usr/lib/gcc/arm-none-eabi/12.2.1/../../../arm-none-eabi/lib/thumb/v7e-m+fp/hard/libc.a(lib_a-impure.o)
                0x08009788                _global_impure_ptr
 .rodata.str1.4
                0x0800978c       0x33 /usr/lib/gcc/arm-none-eabi/12.2.1/../../../arm-none-eabi/lib/thumb/v7e-m+fp/hard/libc.a(lib_a-mprec.o)
                                 0x47 (size before relaxing)
 *fill*         0x080097bf        0x1 
 .rodata        0x080097c0      0x128 /usr/lib/gcc/arm-none-eabi/12.2.1/../../../arm-none-eabi/lib/thumb/v7e-m+fp/hard/libc.a(lib_a-mprec.o)
                0x080097d0                __mprec_tens
                0x08009898                __mprec_tinytens
                0x080098c0                __mprec_bigtens
 .rodata.str1.4
                0x080098e8       0x2f /usr/lib/gcc/arm-none-eabi/12.2.1/../../../arm-none-eabi/lib/thumb/v7e-m+fp/hard/libc.a(lib_a-svfiprintf.o)
 .rodata        0x080098e8       0x20 /usr/lib/gcc/arm-none-eabi/12.2.1/../../../arm-none-eabi/lib/thumb/v7e-m+fp/hard/libc.a(lib_a-svfiprintf.o)
 .rodata.str1.4
                0x08009908       0x3f /usr/lib/gcc/arm-none-eabi/12.2.1/../../../arm-none-eabi/lib/thumb/v7e-m+fp/hard/libc.a(lib_a-assert.o)
                                 0x43 (size before relaxing)
 *fill*         0x08009947        0x1 
 .rodata.str1.4
                0x08009948        0xe /usr/lib/gcc/arm-none-eabi/12.2.1/../../../arm-none-eabi/lib/thumb/v7e-m+fp/hard/libc.a(lib_a-locale.o)
                                 0x12 (size before relaxing)
 .rodata.str1.4
                0x08009956       0x2f /usr/lib/gcc/arm-none-eabi/12.2.1/../../../arm-none-eabi/lib/thumb/v7e-m+fp/hard/libc.a(lib_a-vfiprintf.o)
 *fill*         0x08009956        0x2 
 .rodata        0x08009958       0x20 /usr/lib/gcc/arm-none-eabi/12.2.1/../../../arm-none-eabi/lib/thumb/v7e-m+fp/hard/libc.a(lib_a-vfiprintf.o)
 .rodata        0x08009978      0x101 /usr/lib/gcc/arm-none-eabi/12.2.1/../../../arm-none-eabi/lib/thumb/v7e-m+fp/hard/libc.a(lib_a-ctype_.o)
                0x08009978                _ctype_
                0x08009a7c                        . = ALIGN (0x4)
 *fill*         0x08009a79        0x3 

.glue_7         0x08009a7c        0x0
 .glue_7        0x08009a7c        0x0 linker stubs

.glue_7t        0x08009a7c        0x0
 .glue_7t       0x08009a7c        0x0 linker stubs

.vfp11_veneer   0x08009a7c        0x0
 .vfp11_veneer  0x08009a7c        0x0 linker stubs

.v4_bx          0x08009a7c        0x0
 .v4_bx         0x08009a7c        0x0 linker stubs

.iplt           0x08009a7c        0x0
 .iplt          0x08009a7c        0x0 sdram.o

.rel.dyn        0x08009a7c        0x0
 .rel.iplt      0x08009a7c        0x0 sdram.o

.preinit_array  0x08009a7c        0x0
                0x08009a7c                        . = ALIGN (0x4)
                0x08009a7c                        __preinit_array_start = .
 *(.preinit_array)
                0x08009a7c                        __preinit_array_end = .

.init_array     0x08009a7c        0x0
                0x08009a7c                        . = ALIGN (0x4)
                0x08009a7c                        __init_array_start = .
 *(SORT_BY_NAME(.init_array.*))
 *(.init_array)
                0x08009a7c                        __init_array_end = .

.fini_array     0x08009a7c        0x0
                0x08009a7c                        . = ALIGN (0x4)
                0x08009a7c                        __fini_array_start = .
 *(.fini_array)
 *(SORT_BY_NAME(.fini_array.*))
                0x08009a7c                        __fini_array_end = .

.ARM.extab
 *(.ARM.extab*)

.ARM.exidx      0x08009a7c        0x0
                0x08009a7c                        __exidx_start = .
 *(.ARM.exidx*)
                0x08009a7c                        __exidx_end = .
                0x08009a7c                        . = ALIGN (0x4)
                0x08009a7c                        _etext = .

.noinit
 *(.noinit*)
                0x08009a7c                        . = ALIGN (0x4)

.data           0x20000000      0x9d4 load address 0x08009a7c
                0x20000000                        _data = .
 *(.data*)
 .data.timing   0x20000000       0x1c sdram.o
 .data.rcc_apb2_frequency
                0x2000001c        0x4 ../../../../../libopencm3//lib/libopencm3_stm32f4.a(rcc.o)
                0x2000001c                rcc_apb2_frequency
 .data.rcc_apb1_frequency
                0x20000020        0x4 ../../../../../libopencm3//lib/libopencm3_stm32f4.a(rcc.o)
                0x20000020                rcc_apb1_frequency
 .data.rcc_ahb_frequency
                0x20000024        0x4 ../../../../../libopencm3//lib/libopencm3_stm32f4.a(rcc.o)
                0x20000024                rcc_ahb_frequency
 .data          0x20000028      0x430 /usr/lib/gcc/arm-none-eabi/12.2.1/../../../arm-none-eabi/lib/thumb/v7e-m+fp/hard/libc.a(lib_a-impure.o)
                0x20000028                _impure_ptr
 .data          0x20000458      0x410 /usr/lib/gcc/arm-none-eabi/12.2.1/../../../arm-none-eabi/lib/thumb/v7e-m+fp/hard/libc.a(lib_a-mallocr.o)
                0x20000458                __malloc_av_
                0x20000860                __malloc_sbrk_base
                0x20000864                __malloc_trim_threshold
 .data          0x20000868      0x16c /usr/lib/gcc/arm-none-eabi/12.2.1/../../../arm-none-eabi/lib/thumb/v7e-m+fp/hard/libc.a(lib_a-locale.o)
                0x20000868                __global_locale
 *(.ramtext*)
                0x200009d4                        . = ALIGN (0x4)
                0x200009d4                        _edata = .
                0x08009a7c                        _data_loadaddr = LOADADDR (.data)

.igot.plt       0x200009d4        0x0 load address 0x0800a450
 .igot.plt      0x200009d4        0x0 sdram.o

.bss            0x200009d4       0xe4 load address 0x0800a450
 *(.bss*)
 .bss.system_millis
                0x200009d4        0x4 clock.o
 .bss.recv_ndx_cur
                0x200009d8        0x4 console.o
                0x200009d8                recv_ndx_cur
 .bss.recv_ndx_nxt
                0x200009dc        0x4 console.o
                0x200009dc                recv_ndx_nxt
 .bss.recv_buf  0x200009e0       0x80 console.o
                0x200009e0                recv_buf
 .bss.display_frame
                0x20000a60        0x4 lcd-spi.o
                0x20000a60                display_frame
 .bss.cur_frame
                0x20000a64        0x4 lcd-spi.o
                0x20000a64                cur_frame
 .bss.__gfx_state
                0x20000a68       0x14 gfx.o
                0x20000a68                __gfx_state
 .bss           0x20000a7c       0x34 /usr/lib/gcc/arm-none-eabi/12.2.1/../../../arm-none-eabi/lib/thumb/v7e-m+fp/hard/libc.a(lib_a-mallocr.o)
                0x20000a7c                __malloc_top_pad
                0x20000a80                __malloc_current_mallinfo
                0x20000aa8                __malloc_max_sbrked_mem
                0x20000aac                __malloc_max_total_mem
 .bss           0x20000ab0        0x4 /usr/lib/gcc/arm-none-eabi/12.2.1/../../../arm-none-eabi/lib/thumb/v7e-m+fp/hard/libc.a(lib_a-reent.o)
                0x20000ab0                errno
 .bss           0x20000ab4        0x4 /usr/lib/gcc/arm-none-eabi/12.2.1/../../../arm-none-eabi/lib/thumb/v7e-m+fp/hard/libnosys.a(sbrk.o)
 *(COMMON)
                0x20000ab8                        . = ALIGN (0x4)
                0x20000ab8                        _ebss = .

/DISCARD/
 *(.eh_frame)
                0x20000ab8                        . = ALIGN (0x4)
                0x20000ab8                        end = .
                0x20030000                        PROVIDE (_stack = (ORIGIN (ram) + LENGTH (ram)))
OUTPUT(lcd-serial.elf elf32-littlearm)
LOAD linker stubs

.debug_info     0x00000000    0x294a2
 .debug_info    0x00000000      0x8ce sdram.o
 .debug_info    0x000008ce      0x2ea clock.o
 .debug_info    0x00000bb8      0x99b console.o
 .debug_info    0x00001553      0xdd4 lcd-spi.o
 .debug_info    0x00002327     0x1756 gfx.o
 .debug_info    0x00003a7d     0x1446 lcd-serial.o
 .debug_info    0x00004ec3      0x1eb ../../../../../libopencm3//lib/libopencm3_stm32f4.a(fmc_common_f47.o)
 .debug_info    0x000050ae      0x23a ../../../../../libopencm3//lib/libopencm3_stm32f4.a(gpio_common_all.o)
 .debug_info    0x000052e8      0x1f4 ../../../../../libopencm3//lib/libopencm3_stm32f4.a(gpio_common_f0234.o)
 .debug_info    0x000054dc      0x90b ../../../../../libopencm3//lib/libopencm3_stm32f4.a(rcc_common_all.o)
 .debug_info    0x00005de7      0xf74 ../../../../../libopencm3//lib/libopencm3_stm32f4.a(rcc.o)
 .debug_info    0x00006d5b      0x792 ../../../../../libopencm3//lib/libopencm3_stm32f4.a(spi_common_all.o)
 .debug_info    0x000074ed      0x149 ../../../../../libopencm3//lib/libopencm3_stm32f4.a(spi_common_v1.o)
 .debug_info    0x00007636      0x630 ../../../../../libopencm3//lib/libopencm3_stm32f4.a(usart_common_all.o)
 .debug_info    0x00007c66      0x176 ../../../../../libopencm3//lib/libopencm3_stm32f4.a(usart_common_f124.o)
 .debug_info    0x00007ddc      0x2cd ../../../../../libopencm3//lib/libopencm3_stm32f4.a(vector.o)
 .debug_info    0x000080a9      0x257 ../../../../../libopencm3//lib/libopencm3_stm32f4.a(systick.o)
 .debug_info    0x00008300       0xcf ../../../../../libopencm3//lib/libopencm3_stm32f4.a(scb.o)
 .debug_info    0x000083cf      0x212 ../../../../../libopencm3//lib/libopencm3_stm32f4.a(nvic.o)
 .debug_info    0x000085e1       0xe5 ../../../../../libopencm3//lib/libopencm3_stm32f4.a(flash_common_all.o)
 .debug_info    0x000086c6       0xdd ../../../../../libopencm3//lib/libopencm3_stm32f4.a(flash_common_idcache.o)
 .debug_info    0x000087a3       0xdd ../../../../../libopencm3//lib/libopencm3_stm32f4.a(pwr.o)
 .debug_info    0x00008880      0xa2d /usr/lib/gcc/arm-none-eabi/12.2.1/../../../arm-none-eabi/lib/thumb/v7e-m+fp/hard/libc.a(lib_a-sprintf.o)
 .debug_info    0x000092ad     0x1937 /usr/lib/gcc/arm-none-eabi/12.2.1/../../../arm-none-eabi/lib/thumb/v7e-m+fp/hard/libc.a(lib_a-svfprintf.o)
 .debug_info    0x0000abe4     0x1aa5 /usr/lib/gcc/arm-none-eabi/12.2.1/../../../arm-none-eabi/lib/thumb/v7e-m+fp/hard/libc.a(lib_a-dtoa.o)
 .debug_info    0x0000c689      0x8be /usr/lib/gcc/arm-none-eabi/12.2.1/../../../arm-none-eabi/lib/thumb/v7e-m+fp/hard/libc.a(lib_a-impure.o)
 .debug_info    0x0000cf47      0xbd1 /usr/lib/gcc/arm-none-eabi/12.2.1/../../../arm-none-eabi/lib/thumb/v7e-m+fp/hard/libc.a(lib_a-localeconv.o)
 .debug_info    0x0000db18      0xe59 /usr/lib/gcc/arm-none-eabi/12.2.1/../../../arm-none-eabi/lib/thumb/v7e-m+fp/hard/libc.a(lib_a-mallocr.o)
 .debug_info    0x0000e971       0x25 /usr/lib/gcc/arm-none-eabi/12.2.1/../../../arm-none-eabi/lib/thumb/v7e-m+fp/hard/libc.a(lib_a-memchr.o)
 .debug_info    0x0000e996       0x33 /usr/lib/gcc/arm-none-eabi/12.2.1/../../../arm-none-eabi/lib/thumb/v7e-m+fp/hard/libc.a(lib_a-memcpy.o)
 .debug_info    0x0000e9c9      0x8d4 /usr/lib/gcc/arm-none-eabi/12.2.1/../../../arm-none-eabi/lib/thumb/v7e-m+fp/hard/libc.a(lib_a-mlock.o)
 .debug_info    0x0000f29d     0x1fdd /usr/lib/gcc/arm-none-eabi/12.2.1/../../../arm-none-eabi/lib/thumb/v7e-m+fp/hard/libc.a(lib_a-mprec.o)
 .debug_info    0x0001127a      0x92a /usr/lib/gcc/arm-none-eabi/12.2.1/../../../arm-none-eabi/lib/thumb/v7e-m+fp/hard/libc.a(lib_a-sbrkr.o)
 .debug_info    0x00011ba4       0x33 /usr/lib/gcc/arm-none-eabi/12.2.1/../../../arm-none-eabi/lib/thumb/v7e-m+fp/hard/libc.a(lib_a-strlen.o)
 .debug_info    0x00011bd7     0x1347 /usr/lib/gcc/arm-none-eabi/12.2.1/../../../arm-none-eabi/lib/thumb/v7e-m+fp/hard/libc.a(lib_a-svfiprintf.o)
 .debug_info    0x00012f1e      0x9cb /usr/lib/gcc/arm-none-eabi/12.2.1/../../../arm-none-eabi/lib/thumb/v7e-m+fp/hard/libc.a(lib_a-assert.o)
 .debug_info    0x000138e9      0xa54 /usr/lib/gcc/arm-none-eabi/12.2.1/../../../arm-none-eabi/lib/thumb/v7e-m+fp/hard/libc.a(lib_a-callocr.o)
 .debug_info    0x0001433d      0x9fa /usr/lib/gcc/arm-none-eabi/12.2.1/../../../arm-none-eabi/lib/thumb/v7e-m+fp/hard/libc.a(lib_a-fiprintf.o)
 .debug_info    0x00014d37      0xcc0 /usr/lib/gcc/arm-none-eabi/12.2.1/../../../arm-none-eabi/lib/thumb/v7e-m+fp/hard/libc.a(lib_a-freer.o)
 .debug_info    0x000159f7      0xd7c /usr/lib/gcc/arm-none-eabi/12.2.1/../../../arm-none-eabi/lib/thumb/v7e-m+fp/hard/libc.a(lib_a-locale.o)
 .debug_info    0x00016773      0xc5b /usr/lib/gcc/arm-none-eabi/12.2.1/../../../arm-none-eabi/lib/thumb/v7e-m+fp/hard/libc.a(lib_a-mbtowc_r.o)
 .debug_info    0x000173ce      0x148 /usr/lib/gcc/arm-none-eabi/12.2.1/../../../arm-none-eabi/lib/thumb/v7e-m+fp/hard/libc.a(lib_a-memmove.o)
 .debug_info    0x00017516      0x135 /usr/lib/gcc/arm-none-eabi/12.2.1/../../../arm-none-eabi/lib/thumb/v7e-m+fp/hard/libc.a(lib_a-memset.o)
 .debug_info    0x0001764b      0xd68 /usr/lib/gcc/arm-none-eabi/12.2.1/../../../arm-none-eabi/lib/thumb/v7e-m+fp/hard/libc.a(lib_a-reallocr.o)
 .debug_info    0x000183b3      0xb68 /usr/lib/gcc/arm-none-eabi/12.2.1/../../../arm-none-eabi/lib/thumb/v7e-m+fp/hard/libc.a(lib_a-reent.o)
 .debug_info    0x00018f1b       0x33 /usr/lib/gcc/arm-none-eabi/12.2.1/../../../arm-none-eabi/lib/thumb/v7e-m+fp/hard/libc.a(lib_a-strcmp.o)
 .debug_info    0x00018f4e     0x18fe /usr/lib/gcc/arm-none-eabi/12.2.1/../../../arm-none-eabi/lib/thumb/v7e-m+fp/hard/libc.a(lib_a-vfiprintf.o)
 .debug_info    0x0001a84c      0xc17 /usr/lib/gcc/arm-none-eabi/12.2.1/../../../arm-none-eabi/lib/thumb/v7e-m+fp/hard/libc.a(lib_a-wctomb_r.o)
 .debug_info    0x0001b463      0x969 /usr/lib/gcc/arm-none-eabi/12.2.1/../../../arm-none-eabi/lib/thumb/v7e-m+fp/hard/libc.a(lib_a-wsetup.o)
 .debug_info    0x0001bdcc       0xd8 /usr/lib/gcc/arm-none-eabi/12.2.1/../../../arm-none-eabi/lib/thumb/v7e-m+fp/hard/libc.a(lib_a-abort.o)
 .debug_info    0x0001bea4       0xb9 /usr/lib/gcc/arm-none-eabi/12.2.1/../../../arm-none-eabi/lib/thumb/v7e-m+fp/hard/libc.a(lib_a-ctype_.o)
 .debug_info    0x0001bf5d      0xba0 /usr/lib/gcc/arm-none-eabi/12.2.1/../../../arm-none-eabi/lib/thumb/v7e-m+fp/hard/libc.a(lib_a-fflush.o)
 .debug_info    0x0001cafd      0xfbf /usr/lib/gcc/arm-none-eabi/12.2.1/../../../arm-none-eabi/lib/thumb/v7e-m+fp/hard/libc.a(lib_a-findfp.o)
 .debug_info    0x0001dabc      0xbf1 /usr/lib/gcc/arm-none-eabi/12.2.1/../../../arm-none-eabi/lib/thumb/v7e-m+fp/hard/libc.a(lib_a-fputwc.o)
 .debug_info    0x0001e6ad      0xcdc /usr/lib/gcc/arm-none-eabi/12.2.1/../../../arm-none-eabi/lib/thumb/v7e-m+fp/hard/libc.a(lib_a-fvwrite.o)
 .debug_info    0x0001f389      0x9e7 /usr/lib/gcc/arm-none-eabi/12.2.1/../../../arm-none-eabi/lib/thumb/v7e-m+fp/hard/libc.a(lib_a-fwalk.o)
 .debug_info    0x0001fd70      0xdae /usr/lib/gcc/arm-none-eabi/12.2.1/../../../arm-none-eabi/lib/thumb/v7e-m+fp/hard/libc.a(lib_a-makebuf.o)
 .debug_info    0x00020b1e      0xddf /usr/lib/gcc/arm-none-eabi/12.2.1/../../../arm-none-eabi/lib/thumb/v7e-m+fp/hard/libc.a(lib_a-signal.o)
 .debug_info    0x000218fd      0x98c /usr/lib/gcc/arm-none-eabi/12.2.1/../../../arm-none-eabi/lib/thumb/v7e-m+fp/hard/libc.a(lib_a-signalr.o)
 .debug_info    0x00022289      0xbfc /usr/lib/gcc/arm-none-eabi/12.2.1/../../../arm-none-eabi/lib/thumb/v7e-m+fp/hard/libc.a(lib_a-stdio.o)
 .debug_info    0x00022e85      0xa0f /usr/lib/gcc/arm-none-eabi/12.2.1/../../../arm-none-eabi/lib/thumb/v7e-m+fp/hard/libc.a(lib_a-wbuf.o)
 .debug_info    0x00023894      0xcd7 /usr/lib/gcc/arm-none-eabi/12.2.1/../../../arm-none-eabi/lib/thumb/v7e-m+fp/hard/libc.a(lib_a-wcrtomb.o)
 .debug_info    0x0002456b      0x961 /usr/lib/gcc/arm-none-eabi/12.2.1/../../../arm-none-eabi/lib/thumb/v7e-m+fp/hard/libc.a(lib_a-writer.o)
 .debug_info    0x00024ecc      0x905 /usr/lib/gcc/arm-none-eabi/12.2.1/../../../arm-none-eabi/lib/thumb/v7e-m+fp/hard/libc.a(lib_a-closer.o)
 .debug_info    0x000257d1      0xa7a /usr/lib/gcc/arm-none-eabi/12.2.1/../../../arm-none-eabi/lib/thumb/v7e-m+fp/hard/libc.a(lib_a-fclose.o)
 .debug_info    0x0002624b      0xb23 /usr/lib/gcc/arm-none-eabi/12.2.1/../../../arm-none-eabi/lib/thumb/v7e-m+fp/hard/libc.a(lib_a-fstatr.o)
 .debug_info    0x00026d6e      0x905 /usr/lib/gcc/arm-none-eabi/12.2.1/../../../arm-none-eabi/lib/thumb/v7e-m+fp/hard/libc.a(lib_a-isattyr.o)
 .debug_info    0x00027673      0x944 /usr/lib/gcc/arm-none-eabi/12.2.1/../../../arm-none-eabi/lib/thumb/v7e-m+fp/hard/libc.a(lib_a-lseekr.o)
 .debug_info    0x00027fb7      0x95b /usr/lib/gcc/arm-none-eabi/12.2.1/../../../arm-none-eabi/lib/thumb/v7e-m+fp/hard/libc.a(lib_a-readr.o)
 .debug_info    0x00028912       0xb6 /usr/lib/gcc/arm-none-eabi/12.2.1/thumb/v7e-m+fp/hard/libgcc.a(_arm_addsubdf3.o)
 .debug_info    0x000289c8       0x52 /usr/lib/gcc/arm-none-eabi/12.2.1/thumb/v7e-m+fp/hard/libgcc.a(_arm_muldivdf3.o)
 .debug_info    0x00028a1a       0xc0 /usr/lib/gcc/arm-none-eabi/12.2.1/thumb/v7e-m+fp/hard/libgcc.a(_arm_cmpdf2.o)
 .debug_info    0x00028ada       0x39 /usr/lib/gcc/arm-none-eabi/12.2.1/thumb/v7e-m+fp/hard/libgcc.a(_arm_unorddf2.o)
 .debug_info    0x00028b13       0x39 /usr/lib/gcc/arm-none-eabi/12.2.1/thumb/v7e-m+fp/hard/libgcc.a(_arm_fixdfsi.o)
 .debug_info    0x00028b4c       0xb2 /usr/lib/gcc/arm-none-eabi/12.2.1/../../../arm-none-eabi/lib/thumb/v7e-m+fp/hard/libnosys.a(close.o)
 .debug_info    0x00028bfe      0x2cb /usr/lib/gcc/arm-none-eabi/12.2.1/../../../arm-none-eabi/lib/thumb/v7e-m+fp/hard/libnosys.a(fstat.o)
 .debug_info    0x00028ec9       0x9d /usr/lib/gcc/arm-none-eabi/12.2.1/../../../arm-none-eabi/lib/thumb/v7e-m+fp/hard/libnosys.a(getpid.o)
 .debug_info    0x00028f66       0xb2 /usr/lib/gcc/arm-none-eabi/12.2.1/../../../arm-none-eabi/lib/thumb/v7e-m+fp/hard/libnosys.a(isatty.o)
 .debug_info    0x00029018       0xc0 /usr/lib/gcc/arm-none-eabi/12.2.1/../../../arm-none-eabi/lib/thumb/v7e-m+fp/hard/libnosys.a(kill.o)
 .debug_info    0x000290d8       0xd4 /usr/lib/gcc/arm-none-eabi/12.2.1/../../../arm-none-eabi/lib/thumb/v7e-m+fp/hard/libnosys.a(lseek.o)
 .debug_info    0x000291ac       0xda /usr/lib/gcc/arm-none-eabi/12.2.1/../../../arm-none-eabi/lib/thumb/v7e-m+fp/hard/libnosys.a(read.o)
 .debug_info    0x00029286       0x9e /usr/lib/gcc/arm-none-eabi/12.2.1/../../../arm-none-eabi/lib/thumb/v7e-m+fp/hard/libnosys.a(sbrk.o)
 .debug_info    0x00029324       0xda /usr/lib/gcc/arm-none-eabi/12.2.1/../../../arm-none-eabi/lib/thumb/v7e-m+fp/hard/libnosys.a(write.o)
 .debug_info    0x000293fe       0xa4 /usr/lib/gcc/arm-none-eabi/12.2.1/../../../arm-none-eabi/lib/thumb/v7e-m+fp/hard/libnosys.a(_exit.o)

.debug_abbrev   0x00000000     0x94c5
 .debug_abbrev  0x00000000      0x199 sdram.o
 .debug_abbrev  0x00000199      0x1c6 clock.o
 .debug_abbrev  0x0000035f      0x213 console.o
 .debug_abbrev  0x00000572      0x375 lcd-spi.o
 .debug_abbrev  0x000008e7      0x312 gfx.o
 .debug_abbrev  0x00000bf9      0x25d lcd-serial.o
 .debug_abbrev  0x00000e56      0x115 ../../../../../libopencm3//lib/libopencm3_stm32f4.a(fmc_common_f47.o)
 .debug_abbrev  0x00000f6b      0x117 ../../../../../libopencm3//lib/libopencm3_stm32f4.a(gpio_common_all.o)
 .debug_abbrev  0x00001082       0xc3 ../../../../../libopencm3//lib/libopencm3_stm32f4.a(gpio_common_f0234.o)
 .debug_abbrev  0x00001145      0x186 ../../../../../libopencm3//lib/libopencm3_stm32f4.a(rcc_common_all.o)
 .debug_abbrev  0x000012cb      0x2db ../../../../../libopencm3//lib/libopencm3_stm32f4.a(rcc.o)
 .debug_abbrev  0x000015a6      0x1a1 ../../../../../libopencm3//lib/libopencm3_stm32f4.a(spi_common_all.o)
 .debug_abbrev  0x00001747       0xd3 ../../../../../libopencm3//lib/libopencm3_stm32f4.a(spi_common_v1.o)
 .debug_abbrev  0x0000181a      0x1ab ../../../../../libopencm3//lib/libopencm3_stm32f4.a(usart_common_all.o)
 .debug_abbrev  0x000019c5       0xb8 ../../../../../libopencm3//lib/libopencm3_stm32f4.a(usart_common_f124.o)
 .debug_abbrev  0x00001a7d      0x15f ../../../../../libopencm3//lib/libopencm3_stm32f4.a(vector.o)
 .debug_abbrev  0x00001bdc      0x14f ../../../../../libopencm3//lib/libopencm3_stm32f4.a(systick.o)
 .debug_abbrev  0x00001d2b       0x88 ../../../../../libopencm3//lib/libopencm3_stm32f4.a(scb.o)
 .debug_abbrev  0x00001db3       0xb7 ../../../../../libopencm3//lib/libopencm3_stm32f4.a(nvic.o)
 .debug_abbrev  0x00001e6a       0x96 ../../../../../libopencm3//lib/libopencm3_stm32f4.a(flash_common_all.o)
 .debug_abbrev  0x00001f00       0x56 ../../../../../libopencm3//lib/libopencm3_stm32f4.a(flash_common_idcache.o)
 .debug_abbrev  0x00001f56       0x9a ../../../../../libopencm3//lib/libopencm3_stm32f4.a(pwr.o)
 .debug_abbrev  0x00001ff0      0x28c /usr/lib/gcc/arm-none-eabi/12.2.1/../../../arm-none-eabi/lib/thumb/v7e-m+fp/hard/libc.a(lib_a-sprintf.o)
 .debug_abbrev  0x0000227c      0x40d /usr/lib/gcc/arm-none-eabi/12.2.1/../../../arm-none-eabi/lib/thumb/v7e-m+fp/hard/libc.a(lib_a-svfprintf.o)
 .debug_abbrev  0x00002689      0x371 /usr/lib/gcc/arm-none-eabi/12.2.1/../../../arm-none-eabi/lib/thumb/v7e-m+fp/hard/libc.a(lib_a-dtoa.o)
 .debug_abbrev  0x000029fa      0x1ca /usr/lib/gcc/arm-none-eabi/12.2.1/../../../arm-none-eabi/lib/thumb/v7e-m+fp/hard/libc.a(lib_a-impure.o)
 .debug_abbrev  0x00002bc4      0x277 /usr/lib/gcc/arm-none-eabi/12.2.1/../../../arm-none-eabi/lib/thumb/v7e-m+fp/hard/libc.a(lib_a-localeconv.o)
 .debug_abbrev  0x00002e3b      0x309 /usr/lib/gcc/arm-none-eabi/12.2.1/../../../arm-none-eabi/lib/thumb/v7e-m+fp/hard/libc.a(lib_a-mallocr.o)
 .debug_abbrev  0x00003144       0x14 /usr/lib/gcc/arm-none-eabi/12.2.1/../../../arm-none-eabi/lib/thumb/v7e-m+fp/hard/libc.a(lib_a-memchr.o)
 .debug_abbrev  0x00003158       0x28 /usr/lib/gcc/arm-none-eabi/12.2.1/../../../arm-none-eabi/lib/thumb/v7e-m+fp/hard/libc.a(lib_a-memcpy.o)
 .debug_abbrev  0x00003180      0x202 /usr/lib/gcc/arm-none-eabi/12.2.1/../../../arm-none-eabi/lib/thumb/v7e-m+fp/hard/libc.a(lib_a-mlock.o)
 .debug_abbrev  0x00003382      0x50d /usr/lib/gcc/arm-none-eabi/12.2.1/../../../arm-none-eabi/lib/thumb/v7e-m+fp/hard/libc.a(lib_a-mprec.o)
 .debug_abbrev  0x0000388f      0x24a /usr/lib/gcc/arm-none-eabi/12.2.1/../../../arm-none-eabi/lib/thumb/v7e-m+fp/hard/libc.a(lib_a-sbrkr.o)
 .debug_abbrev  0x00003ad9       0x28 /usr/lib/gcc/arm-none-eabi/12.2.1/../../../arm-none-eabi/lib/thumb/v7e-m+fp/hard/libc.a(lib_a-strlen.o)
 .debug_abbrev  0x00003b01      0x31c /usr/lib/gcc/arm-none-eabi/12.2.1/../../../arm-none-eabi/lib/thumb/v7e-m+fp/hard/libc.a(lib_a-svfiprintf.o)
 .debug_abbrev  0x00003e1d      0x25a /usr/lib/gcc/arm-none-eabi/12.2.1/../../../arm-none-eabi/lib/thumb/v7e-m+fp/hard/libc.a(lib_a-assert.o)
 .debug_abbrev  0x00004077      0x255 /usr/lib/gcc/arm-none-eabi/12.2.1/../../../arm-none-eabi/lib/thumb/v7e-m+fp/hard/libc.a(lib_a-callocr.o)
 .debug_abbrev  0x000042cc      0x286 /usr/lib/gcc/arm-none-eabi/12.2.1/../../../arm-none-eabi/lib/thumb/v7e-m+fp/hard/libc.a(lib_a-fiprintf.o)
 .debug_abbrev  0x00004552      0x2c2 /usr/lib/gcc/arm-none-eabi/12.2.1/../../../arm-none-eabi/lib/thumb/v7e-m+fp/hard/libc.a(lib_a-freer.o)
 .debug_abbrev  0x00004814      0x2e6 /usr/lib/gcc/arm-none-eabi/12.2.1/../../../arm-none-eabi/lib/thumb/v7e-m+fp/hard/libc.a(lib_a-locale.o)
 .debug_abbrev  0x00004afa      0x251 /usr/lib/gcc/arm-none-eabi/12.2.1/../../../arm-none-eabi/lib/thumb/v7e-m+fp/hard/libc.a(lib_a-mbtowc_r.o)
 .debug_abbrev  0x00004d4b       0xc3 /usr/lib/gcc/arm-none-eabi/12.2.1/../../../arm-none-eabi/lib/thumb/v7e-m+fp/hard/libc.a(lib_a-memmove.o)
 .debug_abbrev  0x00004e0e       0xb7 /usr/lib/gcc/arm-none-eabi/12.2.1/../../../arm-none-eabi/lib/thumb/v7e-m+fp/hard/libc.a(lib_a-memset.o)
 .debug_abbrev  0x00004ec5      0x2d5 /usr/lib/gcc/arm-none-eabi/12.2.1/../../../arm-none-eabi/lib/thumb/v7e-m+fp/hard/libc.a(lib_a-reallocr.o)
 .debug_abbrev  0x0000519a      0x2fe /usr/lib/gcc/arm-none-eabi/12.2.1/../../../arm-none-eabi/lib/thumb/v7e-m+fp/hard/libc.a(lib_a-reent.o)
 .debug_abbrev  0x00005498       0x28 /usr/lib/gcc/arm-none-eabi/12.2.1/../../../arm-none-eabi/lib/thumb/v7e-m+fp/hard/libc.a(lib_a-strcmp.o)
 .debug_abbrev  0x000054c0      0x460 /usr/lib/gcc/arm-none-eabi/12.2.1/../../../arm-none-eabi/lib/thumb/v7e-m+fp/hard/libc.a(lib_a-vfiprintf.o)
 .debug_abbrev  0x00005920      0x25b /usr/lib/gcc/arm-none-eabi/12.2.1/../../../arm-none-eabi/lib/thumb/v7e-m+fp/hard/libc.a(lib_a-wctomb_r.o)
 .debug_abbrev  0x00005b7b      0x252 /usr/lib/gcc/arm-none-eabi/12.2.1/../../../arm-none-eabi/lib/thumb/v7e-m+fp/hard/libc.a(lib_a-wsetup.o)
 .debug_abbrev  0x00005dcd       0x99 /usr/lib/gcc/arm-none-eabi/12.2.1/../../../arm-none-eabi/lib/thumb/v7e-m+fp/hard/libc.a(lib_a-abort.o)
 .debug_abbrev  0x00005e66       0x62 /usr/lib/gcc/arm-none-eabi/12.2.1/../../../arm-none-eabi/lib/thumb/v7e-m+fp/hard/libc.a(lib_a-ctype_.o)
 .debug_abbrev  0x00005ec8      0x354 /usr/lib/gcc/arm-none-eabi/12.2.1/../../../arm-none-eabi/lib/thumb/v7e-m+fp/hard/libc.a(lib_a-fflush.o)
 .debug_abbrev  0x0000621c      0x43d /usr/lib/gcc/arm-none-eabi/12.2.1/../../../arm-none-eabi/lib/thumb/v7e-m+fp/hard/libc.a(lib_a-findfp.o)
 .debug_abbrev  0x00006659      0x381 /usr/lib/gcc/arm-none-eabi/12.2.1/../../../arm-none-eabi/lib/thumb/v7e-m+fp/hard/libc.a(lib_a-fputwc.o)
 .debug_abbrev  0x000069da      0x28b /usr/lib/gcc/arm-none-eabi/12.2.1/../../../arm-none-eabi/lib/thumb/v7e-m+fp/hard/libc.a(lib_a-fvwrite.o)
 .debug_abbrev  0x00006c65      0x20f /usr/lib/gcc/arm-none-eabi/12.2.1/../../../arm-none-eabi/lib/thumb/v7e-m+fp/hard/libc.a(lib_a-fwalk.o)
 .debug_abbrev  0x00006e74      0x30a /usr/lib/gcc/arm-none-eabi/12.2.1/../../../arm-none-eabi/lib/thumb/v7e-m+fp/hard/libc.a(lib_a-makebuf.o)
 .debug_abbrev  0x0000717e      0x347 /usr/lib/gcc/arm-none-eabi/12.2.1/../../../arm-none-eabi/lib/thumb/v7e-m+fp/hard/libc.a(lib_a-signal.o)
 .debug_abbrev  0x000074c5      0x26d /usr/lib/gcc/arm-none-eabi/12.2.1/../../../arm-none-eabi/lib/thumb/v7e-m+fp/hard/libc.a(lib_a-signalr.o)
 .debug_abbrev  0x00007732      0x294 /usr/lib/gcc/arm-none-eabi/12.2.1/../../../arm-none-eabi/lib/thumb/v7e-m+fp/hard/libc.a(lib_a-stdio.o)
 .debug_abbrev  0x000079c6      0x2a6 /usr/lib/gcc/arm-none-eabi/12.2.1/../../../arm-none-eabi/lib/thumb/v7e-m+fp/hard/libc.a(lib_a-wbuf.o)
 .debug_abbrev  0x00007c6c      0x25f /usr/lib/gcc/arm-none-eabi/12.2.1/../../../arm-none-eabi/lib/thumb/v7e-m+fp/hard/libc.a(lib_a-wcrtomb.o)
 .debug_abbrev  0x00007ecb      0x225 /usr/lib/gcc/arm-none-eabi/12.2.1/../../../arm-none-eabi/lib/thumb/v7e-m+fp/hard/libc.a(lib_a-writer.o)
 .debug_abbrev  0x000080f0      0x220 /usr/lib/gcc/arm-none-eabi/12.2.1/../../../arm-none-eabi/lib/thumb/v7e-m+fp/hard/libc.a(lib_a-closer.o)
 .debug_abbrev  0x00008310      0x321 /usr/lib/gcc/arm-none-eabi/12.2.1/../../../arm-none-eabi/lib/thumb/v7e-m+fp/hard/libc.a(lib_a-fclose.o)
 .debug_abbrev  0x00008631      0x233 /usr/lib/gcc/arm-none-eabi/12.2.1/../../../arm-none-eabi/lib/thumb/v7e-m+fp/hard/libc.a(lib_a-fstatr.o)
 .debug_abbrev  0x00008864      0x220 /usr/lib/gcc/arm-none-eabi/12.2.1/../../../arm-none-eabi/lib/thumb/v7e-m+fp/hard/libc.a(lib_a-isattyr.o)
 .debug_abbrev  0x00008a84      0x234 /usr/lib/gcc/arm-none-eabi/12.2.1/../../../arm-none-eabi/lib/thumb/v7e-m+fp/hard/libc.a(lib_a-lseekr.o)
 .debug_abbrev  0x00008cb8      0x220 /usr/lib/gcc/arm-none-eabi/12.2.1/../../../arm-none-eabi/lib/thumb/v7e-m+fp/hard/libc.a(lib_a-readr.o)
 .debug_abbrev  0x00008ed8       0x21 /usr/lib/gcc/arm-none-eabi/12.2.1/thumb/v7e-m+fp/hard/libgcc.a(_arm_addsubdf3.o)
 .debug_abbrev  0x00008ef9       0x21 /usr/lib/gcc/arm-none-eabi/12.2.1/thumb/v7e-m+fp/hard/libgcc.a(_arm_muldivdf3.o)
 .debug_abbrev  0x00008f1a       0x21 /usr/lib/gcc/arm-none-eabi/12.2.1/thumb/v7e-m+fp/hard/libgcc.a(_arm_cmpdf2.o)
 .debug_abbrev  0x00008f3b       0x21 /usr/lib/gcc/arm-none-eabi/12.2.1/thumb/v7e-m+fp/hard/libgcc.a(_arm_unorddf2.o)
 .debug_abbrev  0x00008f5c       0x21 /usr/lib/gcc/arm-none-eabi/12.2.1/thumb/v7e-m+fp/hard/libgcc.a(_arm_fixdfsi.o)
 .debug_abbrev  0x00008f7d       0x6c /usr/lib/gcc/arm-none-eabi/12.2.1/../../../arm-none-eabi/lib/thumb/v7e-m+fp/hard/libnosys.a(close.o)
 .debug_abbrev  0x00008fe9       0xcc /usr/lib/gcc/arm-none-eabi/12.2.1/../../../arm-none-eabi/lib/thumb/v7e-m+fp/hard/libnosys.a(fstat.o)
 .debug_abbrev  0x000090b5       0x58 /usr/lib/gcc/arm-none-eabi/12.2.1/../../../arm-none-eabi/lib/thumb/v7e-m+fp/hard/libnosys.a(getpid.o)
 .debug_abbrev  0x0000910d       0x6c /usr/lib/gcc/arm-none-eabi/12.2.1/../../../arm-none-eabi/lib/thumb/v7e-m+fp/hard/libnosys.a(isatty.o)
 .debug_abbrev  0x00009179       0x7d /usr/lib/gcc/arm-none-eabi/12.2.1/../../../arm-none-eabi/lib/thumb/v7e-m+fp/hard/libnosys.a(kill.o)
 .debug_abbrev  0x000091f6       0x91 /usr/lib/gcc/arm-none-eabi/12.2.1/../../../arm-none-eabi/lib/thumb/v7e-m+fp/hard/libnosys.a(lseek.o)
 .debug_abbrev  0x00009287       0x9a /usr/lib/gcc/arm-none-eabi/12.2.1/../../../arm-none-eabi/lib/thumb/v7e-m+fp/hard/libnosys.a(read.o)
 .debug_abbrev  0x00009321       0xa1 /usr/lib/gcc/arm-none-eabi/12.2.1/../../../arm-none-eabi/lib/thumb/v7e-m+fp/hard/libnosys.a(sbrk.o)
 .debug_abbrev  0x000093c2       0x9a /usr/lib/gcc/arm-none-eabi/12.2.1/../../../arm-none-eabi/lib/thumb/v7e-m+fp/hard/libnosys.a(write.o)
 .debug_abbrev  0x0000945c       0x69 /usr/lib/gcc/arm-none-eabi/12.2.1/../../../arm-none-eabi/lib/thumb/v7e-m+fp/hard/libnosys.a(_exit.o)

.debug_loclists
                0x00000000     0xf44e
 .debug_loclists
                0x00000000       0x94 sdram.o
 .debug_loclists
                0x00000094       0x17 clock.o
 .debug_loclists
                0x000000ab      0x10e console.o
 .debug_loclists
                0x000001b9      0x2b1 lcd-spi.o
 .debug_loclists
                0x0000046a      0xe4b gfx.o
 .debug_loclists
                0x000012b5      0x111 lcd-serial.o
 .debug_loclists
                0x000013c6      0x5b4 ../../../../../libopencm3//lib/libopencm3_stm32f4.a(fmc_common_f47.o)
 .debug_loclists
                0x0000197a       0x7e ../../../../../libopencm3//lib/libopencm3_stm32f4.a(gpio_common_all.o)
 .debug_loclists
                0x000019f8       0xcf ../../../../../libopencm3//lib/libopencm3_stm32f4.a(gpio_common_f0234.o)
 .debug_loclists
                0x00001ac7       0x68 ../../../../../libopencm3//lib/libopencm3_stm32f4.a(rcc_common_all.o)
 .debug_loclists
                0x00001b2f      0x466 ../../../../../libopencm3//lib/libopencm3_stm32f4.a(rcc.o)
 .debug_loclists
                0x00001f95       0xe2 ../../../../../libopencm3//lib/libopencm3_stm32f4.a(spi_common_all.o)
 .debug_loclists
                0x00002077       0xbd ../../../../../libopencm3//lib/libopencm3_stm32f4.a(spi_common_v1.o)
 .debug_loclists
                0x00002134      0x15c ../../../../../libopencm3//lib/libopencm3_stm32f4.a(usart_common_all.o)
 .debug_loclists
                0x00002290       0x67 ../../../../../libopencm3//lib/libopencm3_stm32f4.a(usart_common_f124.o)
 .debug_loclists
                0x000022f7       0xb6 ../../../../../libopencm3//lib/libopencm3_stm32f4.a(vector.o)
 .debug_loclists
                0x000023ad      0x12c ../../../../../libopencm3//lib/libopencm3_stm32f4.a(systick.o)
 .debug_loclists
                0x000024d9       0x23 ../../../../../libopencm3//lib/libopencm3_stm32f4.a(scb.o)
 .debug_loclists
                0x000024fc       0xdb ../../../../../libopencm3//lib/libopencm3_stm32f4.a(nvic.o)
 .debug_loclists
                0x000025d7       0x17 ../../../../../libopencm3//lib/libopencm3_stm32f4.a(flash_common_all.o)
 .debug_loclists
                0x000025ee       0x37 ../../../../../libopencm3//lib/libopencm3_stm32f4.a(pwr.o)
 .debug_loclists
                0x00002625       0x74 /usr/lib/gcc/arm-none-eabi/12.2.1/../../../arm-none-eabi/lib/thumb/v7e-m+fp/hard/libc.a(lib_a-sprintf.o)
 .debug_loclists
                0x00002699     0x201e /usr/lib/gcc/arm-none-eabi/12.2.1/../../../arm-none-eabi/lib/thumb/v7e-m+fp/hard/libc.a(lib_a-svfprintf.o)
 .debug_loclists
                0x000046b7     0x234f /usr/lib/gcc/arm-none-eabi/12.2.1/../../../arm-none-eabi/lib/thumb/v7e-m+fp/hard/libc.a(lib_a-dtoa.o)
 .debug_loclists
                0x00006a06       0x42 /usr/lib/gcc/arm-none-eabi/12.2.1/../../../arm-none-eabi/lib/thumb/v7e-m+fp/hard/libc.a(lib_a-localeconv.o)
 .debug_loclists
                0x00006a48      0x9a2 /usr/lib/gcc/arm-none-eabi/12.2.1/../../../arm-none-eabi/lib/thumb/v7e-m+fp/hard/libc.a(lib_a-mallocr.o)
 .debug_loclists
                0x000073ea     0x1e43 /usr/lib/gcc/arm-none-eabi/12.2.1/../../../arm-none-eabi/lib/thumb/v7e-m+fp/hard/libc.a(lib_a-mprec.o)
 .debug_loclists
                0x0000922d       0x3f /usr/lib/gcc/arm-none-eabi/12.2.1/../../../arm-none-eabi/lib/thumb/v7e-m+fp/hard/libc.a(lib_a-sbrkr.o)
 .debug_loclists
                0x0000926c     0x11b6 /usr/lib/gcc/arm-none-eabi/12.2.1/../../../arm-none-eabi/lib/thumb/v7e-m+fp/hard/libc.a(lib_a-svfiprintf.o)
 .debug_loclists
                0x0000a422       0xd0 /usr/lib/gcc/arm-none-eabi/12.2.1/../../../arm-none-eabi/lib/thumb/v7e-m+fp/hard/libc.a(lib_a-assert.o)
 .debug_loclists
                0x0000a4f2      0x1bc /usr/lib/gcc/arm-none-eabi/12.2.1/../../../arm-none-eabi/lib/thumb/v7e-m+fp/hard/libc.a(lib_a-callocr.o)
 .debug_loclists
                0x0000a6ae       0x59 /usr/lib/gcc/arm-none-eabi/12.2.1/../../../arm-none-eabi/lib/thumb/v7e-m+fp/hard/libc.a(lib_a-fiprintf.o)
 .debug_loclists
                0x0000a707      0x40d /usr/lib/gcc/arm-none-eabi/12.2.1/../../../arm-none-eabi/lib/thumb/v7e-m+fp/hard/libc.a(lib_a-freer.o)
 .debug_loclists
                0x0000ab14      0x115 /usr/lib/gcc/arm-none-eabi/12.2.1/../../../arm-none-eabi/lib/thumb/v7e-m+fp/hard/libc.a(lib_a-locale.o)
 .debug_loclists
                0x0000ac29      0x11c /usr/lib/gcc/arm-none-eabi/12.2.1/../../../arm-none-eabi/lib/thumb/v7e-m+fp/hard/libc.a(lib_a-mbtowc_r.o)
 .debug_loclists
                0x0000ad45      0x209 /usr/lib/gcc/arm-none-eabi/12.2.1/../../../arm-none-eabi/lib/thumb/v7e-m+fp/hard/libc.a(lib_a-memmove.o)
 .debug_loclists
                0x0000af4e      0x1b6 /usr/lib/gcc/arm-none-eabi/12.2.1/../../../arm-none-eabi/lib/thumb/v7e-m+fp/hard/libc.a(lib_a-memset.o)
 .debug_loclists
                0x0000b104      0xb55 /usr/lib/gcc/arm-none-eabi/12.2.1/../../../arm-none-eabi/lib/thumb/v7e-m+fp/hard/libc.a(lib_a-reallocr.o)
 .debug_loclists
                0x0000bc59      0x12e /usr/lib/gcc/arm-none-eabi/12.2.1/../../../arm-none-eabi/lib/thumb/v7e-m+fp/hard/libc.a(lib_a-reent.o)
 .debug_loclists
                0x0000bd87     0x186d /usr/lib/gcc/arm-none-eabi/12.2.1/../../../arm-none-eabi/lib/thumb/v7e-m+fp/hard/libc.a(lib_a-vfiprintf.o)
 .debug_loclists
                0x0000d5f4       0xa9 /usr/lib/gcc/arm-none-eabi/12.2.1/../../../arm-none-eabi/lib/thumb/v7e-m+fp/hard/libc.a(lib_a-wctomb_r.o)
 .debug_loclists
                0x0000d69d       0x57 /usr/lib/gcc/arm-none-eabi/12.2.1/../../../arm-none-eabi/lib/thumb/v7e-m+fp/hard/libc.a(lib_a-wsetup.o)
 .debug_loclists
                0x0000d6f4      0x280 /usr/lib/gcc/arm-none-eabi/12.2.1/../../../arm-none-eabi/lib/thumb/v7e-m+fp/hard/libc.a(lib_a-fflush.o)
 .debug_loclists
                0x0000d974      0x221 /usr/lib/gcc/arm-none-eabi/12.2.1/../../../arm-none-eabi/lib/thumb/v7e-m+fp/hard/libc.a(lib_a-findfp.o)
 .debug_loclists
                0x0000db95      0x213 /usr/lib/gcc/arm-none-eabi/12.2.1/../../../arm-none-eabi/lib/thumb/v7e-m+fp/hard/libc.a(lib_a-fputwc.o)
 .debug_loclists
                0x0000dda8      0x4ee /usr/lib/gcc/arm-none-eabi/12.2.1/../../../arm-none-eabi/lib/thumb/v7e-m+fp/hard/libc.a(lib_a-fvwrite.o)
 .debug_loclists
                0x0000e296       0xe1 /usr/lib/gcc/arm-none-eabi/12.2.1/../../../arm-none-eabi/lib/thumb/v7e-m+fp/hard/libc.a(lib_a-fwalk.o)
 .debug_loclists
                0x0000e377      0x23d /usr/lib/gcc/arm-none-eabi/12.2.1/../../../arm-none-eabi/lib/thumb/v7e-m+fp/hard/libc.a(lib_a-makebuf.o)
 .debug_loclists
                0x0000e5b4      0x518 /usr/lib/gcc/arm-none-eabi/12.2.1/../../../arm-none-eabi/lib/thumb/v7e-m+fp/hard/libc.a(lib_a-signal.o)
 .debug_loclists
                0x0000eacc       0x71 /usr/lib/gcc/arm-none-eabi/12.2.1/../../../arm-none-eabi/lib/thumb/v7e-m+fp/hard/libc.a(lib_a-signalr.o)
 .debug_loclists
                0x0000eb3d      0x1e1 /usr/lib/gcc/arm-none-eabi/12.2.1/../../../arm-none-eabi/lib/thumb/v7e-m+fp/hard/libc.a(lib_a-stdio.o)
 .debug_loclists
                0x0000ed1e      0x105 /usr/lib/gcc/arm-none-eabi/12.2.1/../../../arm-none-eabi/lib/thumb/v7e-m+fp/hard/libc.a(lib_a-wbuf.o)
 .debug_loclists
                0x0000ee23      0x1a6 /usr/lib/gcc/arm-none-eabi/12.2.1/../../../arm-none-eabi/lib/thumb/v7e-m+fp/hard/libc.a(lib_a-wcrtomb.o)
 .debug_loclists
                0x0000efc9       0x86 /usr/lib/gcc/arm-none-eabi/12.2.1/../../../arm-none-eabi/lib/thumb/v7e-m+fp/hard/libc.a(lib_a-writer.o)
 .debug_loclists
                0x0000f04f       0x3f /usr/lib/gcc/arm-none-eabi/12.2.1/../../../arm-none-eabi/lib/thumb/v7e-m+fp/hard/libc.a(lib_a-closer.o)
 .debug_loclists
                0x0000f08e       0xd0 /usr/lib/gcc/arm-none-eabi/12.2.1/../../../arm-none-eabi/lib/thumb/v7e-m+fp/hard/libc.a(lib_a-fclose.o)
 .debug_loclists
                0x0000f15e       0x5f /usr/lib/gcc/arm-none-eabi/12.2.1/../../../arm-none-eabi/lib/thumb/v7e-m+fp/hard/libc.a(lib_a-fstatr.o)
 .debug_loclists
                0x0000f1bd       0x3f /usr/lib/gcc/arm-none-eabi/12.2.1/../../../arm-none-eabi/lib/thumb/v7e-m+fp/hard/libc.a(lib_a-isattyr.o)
 .debug_loclists
                0x0000f1fc       0x86 /usr/lib/gcc/arm-none-eabi/12.2.1/../../../arm-none-eabi/lib/thumb/v7e-m+fp/hard/libc.a(lib_a-lseekr.o)
 .debug_loclists
                0x0000f282       0x86 /usr/lib/gcc/arm-none-eabi/12.2.1/../../../arm-none-eabi/lib/thumb/v7e-m+fp/hard/libc.a(lib_a-readr.o)
 .debug_loclists
                0x0000f308       0x1e /usr/lib/gcc/arm-none-eabi/12.2.1/../../../arm-none-eabi/lib/thumb/v7e-m+fp/hard/libnosys.a(close.o)
 .debug_loclists
                0x0000f326       0x1e /usr/lib/gcc/arm-none-eabi/12.2.1/../../../arm-none-eabi/lib/thumb/v7e-m+fp/hard/libnosys.a(fstat.o)
 .debug_loclists
                0x0000f344       0x1e /usr/lib/gcc/arm-none-eabi/12.2.1/../../../arm-none-eabi/lib/thumb/v7e-m+fp/hard/libnosys.a(isatty.o)
 .debug_loclists
                0x0000f362       0x1e /usr/lib/gcc/arm-none-eabi/12.2.1/../../../arm-none-eabi/lib/thumb/v7e-m+fp/hard/libnosys.a(kill.o)
 .debug_loclists
                0x0000f380       0x30 /usr/lib/gcc/arm-none-eabi/12.2.1/../../../arm-none-eabi/lib/thumb/v7e-m+fp/hard/libnosys.a(lseek.o)
 .debug_loclists
                0x0000f3b0       0x30 /usr/lib/gcc/arm-none-eabi/12.2.1/../../../arm-none-eabi/lib/thumb/v7e-m+fp/hard/libnosys.a(read.o)
 .debug_loclists
                0x0000f3e0       0x2a /usr/lib/gcc/arm-none-eabi/12.2.1/../../../arm-none-eabi/lib/thumb/v7e-m+fp/hard/libnosys.a(sbrk.o)
 .debug_loclists
                0x0000f40a       0x30 /usr/lib/gcc/arm-none-eabi/12.2.1/../../../arm-none-eabi/lib/thumb/v7e-m+fp/hard/libnosys.a(write.o)
 .debug_loclists
                0x0000f43a       0x14 /usr/lib/gcc/arm-none-eabi/12.2.1/../../../arm-none-eabi/lib/thumb/v7e-m+fp/hard/libnosys.a(_exit.o)

.debug_aranges  0x00000000     0x1090
 .debug_aranges
                0x00000000       0x20 sdram.o
 .debug_aranges
                0x00000020       0x38 clock.o
 .debug_aranges
                0x00000058       0x48 console.o
 .debug_aranges
                0x000000a0       0x40 lcd-spi.o
 .debug_aranges
                0x000000e0       0xf8 gfx.o
 .debug_aranges
                0x000001d8       0x28 lcd-serial.o
 .debug_aranges
                0x00000200       0x28 ../../../../../libopencm3//lib/libopencm3_stm32f4.a(fmc_common_f47.o)
 .debug_aranges
                0x00000228       0x50 ../../../../../libopencm3//lib/libopencm3_stm32f4.a(gpio_common_all.o)
 .debug_aranges
                0x00000278       0x30 ../../../../../libopencm3//lib/libopencm3_stm32f4.a(gpio_common_f0234.o)
 .debug_aranges
                0x000002a8       0x80 ../../../../../libopencm3//lib/libopencm3_stm32f4.a(rcc_common_all.o)
 .debug_aranges
                0x00000328      0x110 ../../../../../libopencm3//lib/libopencm3_stm32f4.a(rcc.o)
 .debug_aranges
                0x00000438      0x170 ../../../../../libopencm3//lib/libopencm3_stm32f4.a(spi_common_all.o)
 .debug_aranges
                0x000005a8       0x30 ../../../../../libopencm3//lib/libopencm3_stm32f4.a(spi_common_v1.o)
 .debug_aranges
                0x000005d8       0xf0 ../../../../../libopencm3//lib/libopencm3_stm32f4.a(usart_common_all.o)
 .debug_aranges
                0x000006c8       0x40 ../../../../../libopencm3//lib/libopencm3_stm32f4.a(usart_common_f124.o)
 .debug_aranges
                0x00000708       0x30 ../../../../../libopencm3//lib/libopencm3_stm32f4.a(vector.o)
 .debug_aranges
                0x00000738       0x78 ../../../../../libopencm3//lib/libopencm3_stm32f4.a(systick.o)
 .debug_aranges
                0x000007b0       0x30 ../../../../../libopencm3//lib/libopencm3_stm32f4.a(scb.o)
 .debug_aranges
                0x000007e0       0x60 ../../../../../libopencm3//lib/libopencm3_stm32f4.a(nvic.o)
 .debug_aranges
                0x00000840       0x38 ../../../../../libopencm3//lib/libopencm3_stm32f4.a(flash_common_all.o)
 .debug_aranges
                0x00000878       0x48 ../../../../../libopencm3//lib/libopencm3_stm32f4.a(flash_common_idcache.o)
 .debug_aranges
                0x000008c0       0x20 ../../../../../libopencm3//lib/libopencm3_stm32f4.a(pwr.o)
 .debug_aranges
                0x000008e0       0x20 /usr/lib/gcc/arm-none-eabi/12.2.1/../../../arm-none-eabi/lib/thumb/v7e-m+fp/hard/libc.a(lib_a-sprintf.o)
 .debug_aranges
                0x00000900       0x20 /usr/lib/gcc/arm-none-eabi/12.2.1/../../../arm-none-eabi/lib/thumb/v7e-m+fp/hard/libc.a(lib_a-svfprintf.o)
 .debug_aranges
                0x00000920       0x20 /usr/lib/gcc/arm-none-eabi/12.2.1/../../../arm-none-eabi/lib/thumb/v7e-m+fp/hard/libc.a(lib_a-dtoa.o)
 .debug_aranges
                0x00000940       0x18 /usr/lib/gcc/arm-none-eabi/12.2.1/../../../arm-none-eabi/lib/thumb/v7e-m+fp/hard/libc.a(lib_a-impure.o)
 .debug_aranges
                0x00000958       0x20 /usr/lib/gcc/arm-none-eabi/12.2.1/../../../arm-none-eabi/lib/thumb/v7e-m+fp/hard/libc.a(lib_a-localeconv.o)
 .debug_aranges
                0x00000978       0x20 /usr/lib/gcc/arm-none-eabi/12.2.1/../../../arm-none-eabi/lib/thumb/v7e-m+fp/hard/libc.a(lib_a-mallocr.o)
 .debug_aranges
                0x00000998       0x20 /usr/lib/gcc/arm-none-eabi/12.2.1/../../../arm-none-eabi/lib/thumb/v7e-m+fp/hard/libc.a(lib_a-memchr.o)
 .debug_aranges
                0x000009b8       0x20 /usr/lib/gcc/arm-none-eabi/12.2.1/../../../arm-none-eabi/lib/thumb/v7e-m+fp/hard/libc.a(lib_a-memcpy.o)
 .debug_aranges
                0x000009d8       0x20 /usr/lib/gcc/arm-none-eabi/12.2.1/../../../arm-none-eabi/lib/thumb/v7e-m+fp/hard/libc.a(lib_a-mlock.o)
 .debug_aranges
                0x000009f8       0x20 /usr/lib/gcc/arm-none-eabi/12.2.1/../../../arm-none-eabi/lib/thumb/v7e-m+fp/hard/libc.a(lib_a-mprec.o)
 .debug_aranges
                0x00000a18       0x20 /usr/lib/gcc/arm-none-eabi/12.2.1/../../../arm-none-eabi/lib/thumb/v7e-m+fp/hard/libc.a(lib_a-sbrkr.o)
 .debug_aranges
                0x00000a38       0x20 /usr/lib/gcc/arm-none-eabi/12.2.1/../../../arm-none-eabi/lib/thumb/v7e-m+fp/hard/libc.a(lib_a-strlen.o)
 .debug_aranges
                0x00000a58       0x20 /usr/lib/gcc/arm-none-eabi/12.2.1/../../../arm-none-eabi/lib/thumb/v7e-m+fp/hard/libc.a(lib_a-svfiprintf.o)
 .debug_aranges
                0x00000a78       0x20 /usr/lib/gcc/arm-none-eabi/12.2.1/../../../arm-none-eabi/lib/thumb/v7e-m+fp/hard/libc.a(lib_a-assert.o)
 .debug_aranges
                0x00000a98       0x20 /usr/lib/gcc/arm-none-eabi/12.2.1/../../../arm-none-eabi/lib/thumb/v7e-m+fp/hard/libc.a(lib_a-callocr.o)
 .debug_aranges
                0x00000ab8       0x20 /usr/lib/gcc/arm-none-eabi/12.2.1/../../../arm-none-eabi/lib/thumb/v7e-m+fp/hard/libc.a(lib_a-fiprintf.o)
 .debug_aranges
                0x00000ad8       0x20 /usr/lib/gcc/arm-none-eabi/12.2.1/../../../arm-none-eabi/lib/thumb/v7e-m+fp/hard/libc.a(lib_a-freer.o)
 .debug_aranges
                0x00000af8       0x20 /usr/lib/gcc/arm-none-eabi/12.2.1/../../../arm-none-eabi/lib/thumb/v7e-m+fp/hard/libc.a(lib_a-locale.o)
 .debug_aranges
                0x00000b18       0x20 /usr/lib/gcc/arm-none-eabi/12.2.1/../../../arm-none-eabi/lib/thumb/v7e-m+fp/hard/libc.a(lib_a-mbtowc_r.o)
 .debug_aranges
                0x00000b38       0x20 /usr/lib/gcc/arm-none-eabi/12.2.1/../../../arm-none-eabi/lib/thumb/v7e-m+fp/hard/libc.a(lib_a-memmove.o)
 .debug_aranges
                0x00000b58       0x20 /usr/lib/gcc/arm-none-eabi/12.2.1/../../../arm-none-eabi/lib/thumb/v7e-m+fp/hard/libc.a(lib_a-memset.o)
 .debug_aranges
                0x00000b78       0x20 /usr/lib/gcc/arm-none-eabi/12.2.1/../../../arm-none-eabi/lib/thumb/v7e-m+fp/hard/libc.a(lib_a-reallocr.o)
 .debug_aranges
                0x00000b98       0x20 /usr/lib/gcc/arm-none-eabi/12.2.1/../../../arm-none-eabi/lib/thumb/v7e-m+fp/hard/libc.a(lib_a-reent.o)
 .debug_aranges
                0x00000bb8       0x20 /usr/lib/gcc/arm-none-eabi/12.2.1/../../../arm-none-eabi/lib/thumb/v7e-m+fp/hard/libc.a(lib_a-strcmp.o)
 .debug_aranges
                0x00000bd8       0x20 /usr/lib/gcc/arm-none-eabi/12.2.1/../../../arm-none-eabi/lib/thumb/v7e-m+fp/hard/libc.a(lib_a-vfiprintf.o)
 .debug_aranges
                0x00000bf8       0x20 /usr/lib/gcc/arm-none-eabi/12.2.1/../../../arm-none-eabi/lib/thumb/v7e-m+fp/hard/libc.a(lib_a-wctomb_r.o)
 .debug_aranges
                0x00000c18       0x20 /usr/lib/gcc/arm-none-eabi/12.2.1/../../../arm-none-eabi/lib/thumb/v7e-m+fp/hard/libc.a(lib_a-wsetup.o)
 .debug_aranges
                0x00000c38       0x20 /usr/lib/gcc/arm-none-eabi/12.2.1/../../../arm-none-eabi/lib/thumb/v7e-m+fp/hard/libc.a(lib_a-abort.o)
 .debug_aranges
                0x00000c58       0x18 /usr/lib/gcc/arm-none-eabi/12.2.1/../../../arm-none-eabi/lib/thumb/v7e-m+fp/hard/libc.a(lib_a-ctype_.o)
 .debug_aranges
                0x00000c70       0x20 /usr/lib/gcc/arm-none-eabi/12.2.1/../../../arm-none-eabi/lib/thumb/v7e-m+fp/hard/libc.a(lib_a-fflush.o)
 .debug_aranges
                0x00000c90       0x20 /usr/lib/gcc/arm-none-eabi/12.2.1/../../../arm-none-eabi/lib/thumb/v7e-m+fp/hard/libc.a(lib_a-findfp.o)
 .debug_aranges
                0x00000cb0       0x20 /usr/lib/gcc/arm-none-eabi/12.2.1/../../../arm-none-eabi/lib/thumb/v7e-m+fp/hard/libc.a(lib_a-fputwc.o)
 .debug_aranges
                0x00000cd0       0x20 /usr/lib/gcc/arm-none-eabi/12.2.1/../../../arm-none-eabi/lib/thumb/v7e-m+fp/hard/libc.a(lib_a-fvwrite.o)
 .debug_aranges
                0x00000cf0       0x20 /usr/lib/gcc/arm-none-eabi/12.2.1/../../../arm-none-eabi/lib/thumb/v7e-m+fp/hard/libc.a(lib_a-fwalk.o)
 .debug_aranges
                0x00000d10       0x20 /usr/lib/gcc/arm-none-eabi/12.2.1/../../../arm-none-eabi/lib/thumb/v7e-m+fp/hard/libc.a(lib_a-makebuf.o)
 .debug_aranges
                0x00000d30       0x20 /usr/lib/gcc/arm-none-eabi/12.2.1/../../../arm-none-eabi/lib/thumb/v7e-m+fp/hard/libc.a(lib_a-signal.o)
 .debug_aranges
                0x00000d50       0x20 /usr/lib/gcc/arm-none-eabi/12.2.1/../../../arm-none-eabi/lib/thumb/v7e-m+fp/hard/libc.a(lib_a-signalr.o)
 .debug_aranges
                0x00000d70       0x20 /usr/lib/gcc/arm-none-eabi/12.2.1/../../../arm-none-eabi/lib/thumb/v7e-m+fp/hard/libc.a(lib_a-stdio.o)
 .debug_aranges
                0x00000d90       0x20 /usr/lib/gcc/arm-none-eabi/12.2.1/../../../arm-none-eabi/lib/thumb/v7e-m+fp/hard/libc.a(lib_a-wbuf.o)
 .debug_aranges
                0x00000db0       0x20 /usr/lib/gcc/arm-none-eabi/12.2.1/../../../arm-none-eabi/lib/thumb/v7e-m+fp/hard/libc.a(lib_a-wcrtomb.o)
 .debug_aranges
                0x00000dd0       0x20 /usr/lib/gcc/arm-none-eabi/12.2.1/../../../arm-none-eabi/lib/thumb/v7e-m+fp/hard/libc.a(lib_a-writer.o)
 .debug_aranges
                0x00000df0       0x20 /usr/lib/gcc/arm-none-eabi/12.2.1/../../../arm-none-eabi/lib/thumb/v7e-m+fp/hard/libc.a(lib_a-closer.o)
 .debug_aranges
                0x00000e10       0x20 /usr/lib/gcc/arm-none-eabi/12.2.1/../../../arm-none-eabi/lib/thumb/v7e-m+fp/hard/libc.a(lib_a-fclose.o)
 .debug_aranges
                0x00000e30       0x20 /usr/lib/gcc/arm-none-eabi/12.2.1/../../../arm-none-eabi/lib/thumb/v7e-m+fp/hard/libc.a(lib_a-fstatr.o)
 .debug_aranges
                0x00000e50       0x20 /usr/lib/gcc/arm-none-eabi/12.2.1/../../../arm-none-eabi/lib/thumb/v7e-m+fp/hard/libc.a(lib_a-isattyr.o)
 .debug_aranges
                0x00000e70       0x20 /usr/lib/gcc/arm-none-eabi/12.2.1/../../../arm-none-eabi/lib/thumb/v7e-m+fp/hard/libc.a(lib_a-lseekr.o)
 .debug_aranges
                0x00000e90       0x20 /usr/lib/gcc/arm-none-eabi/12.2.1/../../../arm-none-eabi/lib/thumb/v7e-m+fp/hard/libc.a(lib_a-readr.o)
 .debug_aranges
                0x00000eb0       0x20 /usr/lib/gcc/arm-none-eabi/12.2.1/thumb/v7e-m+fp/hard/libgcc.a(_arm_addsubdf3.o)
 .debug_aranges
                0x00000ed0       0x20 /usr/lib/gcc/arm-none-eabi/12.2.1/thumb/v7e-m+fp/hard/libgcc.a(_arm_muldivdf3.o)
 .debug_aranges
                0x00000ef0       0x20 /usr/lib/gcc/arm-none-eabi/12.2.1/thumb/v7e-m+fp/hard/libgcc.a(_arm_cmpdf2.o)
 .debug_aranges
                0x00000f10       0x20 /usr/lib/gcc/arm-none-eabi/12.2.1/thumb/v7e-m+fp/hard/libgcc.a(_arm_unorddf2.o)
 .debug_aranges
                0x00000f30       0x20 /usr/lib/gcc/arm-none-eabi/12.2.1/thumb/v7e-m+fp/hard/libgcc.a(_arm_fixdfsi.o)
 .debug_aranges
                0x00000f50       0x20 /usr/lib/gcc/arm-none-eabi/12.2.1/../../../arm-none-eabi/lib/thumb/v7e-m+fp/hard/libnosys.a(close.o)
 .debug_aranges
                0x00000f70       0x20 /usr/lib/gcc/arm-none-eabi/12.2.1/../../../arm-none-eabi/lib/thumb/v7e-m+fp/hard/libnosys.a(fstat.o)
 .debug_aranges
                0x00000f90       0x20 /usr/lib/gcc/arm-none-eabi/12.2.1/../../../arm-none-eabi/lib/thumb/v7e-m+fp/hard/libnosys.a(getpid.o)
 .debug_aranges
                0x00000fb0       0x20 /usr/lib/gcc/arm-none-eabi/12.2.1/../../../arm-none-eabi/lib/thumb/v7e-m+fp/hard/libnosys.a(isatty.o)
 .debug_aranges
                0x00000fd0       0x20 /usr/lib/gcc/arm-none-eabi/12.2.1/../../../arm-none-eabi/lib/thumb/v7e-m+fp/hard/libnosys.a(kill.o)
 .debug_aranges
                0x00000ff0       0x20 /usr/lib/gcc/arm-none-eabi/12.2.1/../../../arm-none-eabi/lib/thumb/v7e-m+fp/hard/libnosys.a(lseek.o)
 .debug_aranges
                0x00001010       0x20 /usr/lib/gcc/arm-none-eabi/12.2.1/../../../arm-none-eabi/lib/thumb/v7e-m+fp/hard/libnosys.a(read.o)
 .debug_aranges
                0x00001030       0x20 /usr/lib/gcc/arm-none-eabi/12.2.1/../../../arm-none-eabi/lib/thumb/v7e-m+fp/hard/libnosys.a(sbrk.o)
 .debug_aranges
                0x00001050       0x20 /usr/lib/gcc/arm-none-eabi/12.2.1/../../../arm-none-eabi/lib/thumb/v7e-m+fp/hard/libnosys.a(write.o)
 .debug_aranges
                0x00001070       0x20 /usr/lib/gcc/arm-none-eabi/12.2.1/../../../arm-none-eabi/lib/thumb/v7e-m+fp/hard/libnosys.a(_exit.o)

.debug_rnglists
                0x00000000      0xc9b
 .debug_rnglists
                0x00000000       0x14 sdram.o
 .debug_rnglists
                0x00000014       0x25 clock.o
 .debug_rnglists
                0x00000039       0x32 console.o
 .debug_rnglists
                0x0000006b       0x6f lcd-spi.o
 .debug_rnglists
                0x000000da       0xc9 gfx.o
 .debug_rnglists
                0x000001a3       0x46 lcd-serial.o
 .debug_rnglists
                0x000001e9       0x19 ../../../../../libopencm3//lib/libopencm3_stm32f4.a(fmc_common_f47.o)
 .debug_rnglists
                0x00000202       0x37 ../../../../../libopencm3//lib/libopencm3_stm32f4.a(gpio_common_all.o)
 .debug_rnglists
                0x00000239       0x1f ../../../../../libopencm3//lib/libopencm3_stm32f4.a(gpio_common_f0234.o)
 .debug_rnglists
                0x00000258       0x5b ../../../../../libopencm3//lib/libopencm3_stm32f4.a(rcc_common_all.o)
 .debug_rnglists
                0x000002b3       0xe0 ../../../../../libopencm3//lib/libopencm3_stm32f4.a(rcc.o)
 .debug_rnglists
                0x00000393      0x10f ../../../../../libopencm3//lib/libopencm3_stm32f4.a(spi_common_all.o)
 .debug_rnglists
                0x000004a2       0x1f ../../../../../libopencm3//lib/libopencm3_stm32f4.a(spi_common_v1.o)
 .debug_rnglists
                0x000004c1       0xaf ../../../../../libopencm3//lib/libopencm3_stm32f4.a(usart_common_all.o)
 .debug_rnglists
                0x00000570       0x2b ../../../../../libopencm3//lib/libopencm3_stm32f4.a(usart_common_f124.o)
 .debug_rnglists
                0x0000059b       0x20 ../../../../../libopencm3//lib/libopencm3_stm32f4.a(vector.o)
 .debug_rnglists
                0x000005bb       0x61 ../../../../../libopencm3//lib/libopencm3_stm32f4.a(systick.o)
 .debug_rnglists
                0x0000061c       0x1f ../../../../../libopencm3//lib/libopencm3_stm32f4.a(scb.o)
 .debug_rnglists
                0x0000063b       0x43 ../../../../../libopencm3//lib/libopencm3_stm32f4.a(nvic.o)
 .debug_rnglists
                0x0000067e       0x25 ../../../../../libopencm3//lib/libopencm3_stm32f4.a(flash_common_all.o)
 .debug_rnglists
                0x000006a3       0x31 ../../../../../libopencm3//lib/libopencm3_stm32f4.a(flash_common_idcache.o)
 .debug_rnglists
                0x000006d4       0x13 ../../../../../libopencm3//lib/libopencm3_stm32f4.a(pwr.o)
 .debug_rnglists
                0x000006e7       0xcb /usr/lib/gcc/arm-none-eabi/12.2.1/../../../arm-none-eabi/lib/thumb/v7e-m+fp/hard/libc.a(lib_a-svfprintf.o)
 .debug_rnglists
                0x000007b2       0x27 /usr/lib/gcc/arm-none-eabi/12.2.1/../../../arm-none-eabi/lib/thumb/v7e-m+fp/hard/libc.a(lib_a-dtoa.o)
 .debug_rnglists
                0x000007d9       0x3a /usr/lib/gcc/arm-none-eabi/12.2.1/../../../arm-none-eabi/lib/thumb/v7e-m+fp/hard/libc.a(lib_a-mallocr.o)
 .debug_rnglists
                0x00000813       0xb8 /usr/lib/gcc/arm-none-eabi/12.2.1/../../../arm-none-eabi/lib/thumb/v7e-m+fp/hard/libc.a(lib_a-mprec.o)
 .debug_rnglists